Component: ARM Compiler 5.06 update 3 (build 300) Tool: armlink [4d35c9]

==============================================================================

Section Cross References

    system_stm32f4xx.o(i.SystemCoreClockUpdate) refers to system_stm32f4xx.o(.data) for .data
    system_stm32f4xx.o(i.SystemCoreClockUpdate) refers to system_stm32f4xx.o(.constdata) for .constdata
    stm32f4xx_hal_gpio.o(i.HAL_GPIO_EXTI_IRQHandler) refers to gpio.o(i.HAL_GPIO_EXTI_Callback) for HAL_GPIO_EXTI_Callback
    stm32f4xx_hal.o(i.HAL_DeInit) refers to stm32f4xx_hal.o(i.HAL_MspDeInit) for HAL_MspDeInit
    stm32f4xx_hal.o(i.HAL_Delay) refers to stm32f4xx_hal.o(i.HAL_GetTick) for HAL_GetTick
    stm32f4xx_hal.o(i.HAL_GetTick) refers to stm32f4xx_hal.o(.data) for .data
    stm32f4xx_hal.o(i.HAL_IncTick) refers to stm32f4xx_hal.o(.data) for .data
    stm32f4xx_hal.o(i.HAL_Init) refers to stm32f4xx_hal_cortex.o(i.HAL_NVIC_SetPriorityGrouping) for HAL_NVIC_SetPriorityGrouping
    stm32f4xx_hal.o(i.HAL_Init) refers to stm32f4xx_hal.o(i.HAL_InitTick) for HAL_InitTick
    stm32f4xx_hal.o(i.HAL_Init) refers to stm32f4xx_hal_msp.o(i.HAL_MspInit) for HAL_MspInit
    stm32f4xx_hal.o(i.HAL_InitTick) refers to stm32f4xx_hal_rcc.o(i.HAL_RCC_GetHCLKFreq) for HAL_RCC_GetHCLKFreq
    stm32f4xx_hal.o(i.HAL_InitTick) refers to stm32f4xx_hal_cortex.o(i.HAL_SYSTICK_Config) for HAL_SYSTICK_Config
    stm32f4xx_hal.o(i.HAL_InitTick) refers to stm32f4xx_hal_cortex.o(i.HAL_NVIC_SetPriority) for HAL_NVIC_SetPriority
    stm32f4xx_hal_cortex.o(i.HAL_NVIC_SetPriority) refers to stm32f4xx_hal_cortex.o(i.NVIC_SetPriority) for NVIC_SetPriority
    stm32f4xx_hal_cortex.o(i.HAL_SYSTICK_Config) refers to stm32f4xx_hal_cortex.o(i.NVIC_SetPriority) for NVIC_SetPriority
    stm32f4xx_hal_cortex.o(i.HAL_SYSTICK_IRQHandler) refers to stm32f4xx_hal_cortex.o(i.HAL_SYSTICK_Callback) for HAL_SYSTICK_Callback
    stm32f4xx_hal_pwr_ex.o(i.HAL_PWREx_ControlVoltageScaling) refers to stm32f4xx_hal.o(i.HAL_GetTick) for HAL_GetTick
    stm32f4xx_hal_pwr_ex.o(i.HAL_PWREx_DisableBkUpReg) refers to stm32f4xx_hal.o(i.HAL_GetTick) for HAL_GetTick
    stm32f4xx_hal_pwr_ex.o(i.HAL_PWREx_EnableBkUpReg) refers to stm32f4xx_hal.o(i.HAL_GetTick) for HAL_GetTick
    stm32f4xx_hal_pwr.o(i.HAL_PWR_PVD_IRQHandler) refers to stm32f4xx_hal_pwr.o(i.HAL_PWR_PVDCallback) for HAL_PWR_PVDCallback
    stm32f4xx_hal_flash_ex.o(i.HAL_FLASHEx_Erase) refers to stm32f4xx_hal_flash.o(i.FLASH_WaitForLastOperation) for FLASH_WaitForLastOperation
    stm32f4xx_hal_flash_ex.o(i.HAL_FLASHEx_Erase) refers to stm32f4xx_hal_flash_ex.o(i.FLASH_MassErase) for FLASH_MassErase
    stm32f4xx_hal_flash_ex.o(i.HAL_FLASHEx_Erase) refers to stm32f4xx_hal_flash_ex.o(i.FLASH_Erase_Sector) for FLASH_Erase_Sector
    stm32f4xx_hal_flash_ex.o(i.HAL_FLASHEx_Erase) refers to stm32f4xx_hal_flash_ex.o(i.FLASH_FlushCaches) for FLASH_FlushCaches
    stm32f4xx_hal_flash_ex.o(i.HAL_FLASHEx_Erase) refers to stm32f4xx_hal_flash.o(.bss) for pFlash
    stm32f4xx_hal_flash_ex.o(i.HAL_FLASHEx_Erase_IT) refers to stm32f4xx_hal_flash_ex.o(i.FLASH_Erase_Sector) for FLASH_Erase_Sector
    stm32f4xx_hal_flash_ex.o(i.HAL_FLASHEx_Erase_IT) refers to stm32f4xx_hal_flash_ex.o(i.FLASH_MassErase) for FLASH_MassErase
    stm32f4xx_hal_flash_ex.o(i.HAL_FLASHEx_Erase_IT) refers to stm32f4xx_hal_flash.o(.bss) for pFlash
    stm32f4xx_hal_flash_ex.o(i.HAL_FLASHEx_OBProgram) refers to stm32f4xx_hal_flash.o(i.FLASH_WaitForLastOperation) for FLASH_WaitForLastOperation
    stm32f4xx_hal_flash_ex.o(i.HAL_FLASHEx_OBProgram) refers to stm32f4xx_hal_flash.o(.bss) for pFlash
    stm32f4xx_hal_rcc_ex.o(i.HAL_RCCEx_PeriphCLKConfig) refers to stm32f4xx_hal.o(i.HAL_GetTick) for HAL_GetTick
    stm32f4xx_hal_dma.o(i.DMA_CalcBaseAndBitshift) refers to stm32f4xx_hal_dma.o(.constdata) for .constdata
    stm32f4xx_hal_dma.o(i.HAL_DMA_Abort) refers to stm32f4xx_hal.o(i.HAL_GetTick) for HAL_GetTick
    stm32f4xx_hal_dma.o(i.HAL_DMA_DeInit) refers to stm32f4xx_hal_dma.o(i.DMA_CalcBaseAndBitshift) for DMA_CalcBaseAndBitshift
    stm32f4xx_hal_dma.o(i.HAL_DMA_Init) refers to stm32f4xx_hal_dma.o(i.DMA_CalcBaseAndBitshift) for DMA_CalcBaseAndBitshift
    stm32f4xx_hal_dma.o(i.HAL_DMA_PollForTransfer) refers to stm32f4xx_hal.o(i.HAL_GetTick) for HAL_GetTick
    stm32f4xx_hal_dma.o(i.HAL_DMA_Start) refers to stm32f4xx_hal_dma.o(i.DMA_SetConfig) for DMA_SetConfig
    stm32f4xx_hal_dma.o(i.HAL_DMA_Start_IT) refers to stm32f4xx_hal_dma.o(i.DMA_SetConfig) for DMA_SetConfig
    stm32f4xx_hal_flash.o(i.FLASH_SetErrorCode) refers to stm32f4xx_hal_flash.o(.bss) for .bss
    stm32f4xx_hal_flash.o(i.FLASH_WaitForLastOperation) refers to stm32f4xx_hal.o(i.HAL_GetTick) for HAL_GetTick
    stm32f4xx_hal_flash.o(i.FLASH_WaitForLastOperation) refers to stm32f4xx_hal_flash.o(i.FLASH_SetErrorCode) for FLASH_SetErrorCode
    stm32f4xx_hal_flash.o(i.FLASH_WaitForLastOperation) refers to stm32f4xx_hal_flash.o(.bss) for .bss
[...]
    Removing stm32f4xx_hal_pwr.o(i.HAL_PWR_PVD_IRQHandler), (28 bytes).
    Removing stm32f4xx_hal_flash_ex.o(.rev16_text), (4 bytes).
    Removing stm32f4xx_hal_flash_ex.o(.revsh_text), (4 bytes).
    Removing stm32f4xx_hal_flash_ex.o(.rrx_text), (6 bytes).
    Removing stm32f4xx_hal_flash_ex.o(i.FLASH_Erase_Sector), (88 bytes).
    Removing stm32f4xx_hal_flash_ex.o(i.FLASH_FlushCaches), (84 bytes).
    Removing stm32f4xx_hal_flash_ex.o(i.FLASH_MassErase), (36 bytes).
    Removing stm32f4xx_hal_flash_ex.o(i.HAL_FLASHEx_Erase), (152 bytes).
    Removing stm32f4xx_hal_flash_ex.o(i.HAL_FLASHEx_Erase_IT), (104 bytes).
    Removing stm32f4xx_hal_flash_ex.o(i.HAL_FLASHEx_OBGetConfig), (64 bytes).
    Removing stm32f4xx_hal_flash_ex.o(i.HAL_FLASHEx_OBProgram), (204 bytes).
    Removing stm32f4xx_hal_rcc_ex.o(.rev16_text), (4 bytes).
    Removing stm32f4xx_hal_rcc_ex.o(.revsh_text), (4 bytes).
    Removing stm32f4xx_hal_rcc_ex.o(.rrx_text), (6 bytes).
    Removing stm32f4xx_hal_rcc_ex.o(i.HAL_RCCEx_GetPeriphCLKConfig), (80 bytes).
    Removing stm32f4xx_hal_rcc_ex.o(i.HAL_RCCEx_PeriphCLKConfig), (332 bytes).
    Removing stm32f4xx_hal_rcc_ex.o(i.HAL_RCC_DeInit), (88 bytes).
    Removing stm32f4xx_hal_dma.o(.rev16_text), (4 bytes).
    Removing stm32f4xx_hal_dma.o(.revsh_text), (4 bytes).
    Removing stm32f4xx_hal_dma.o(.rrx_text), (6 bytes).
    Removing stm32f4xx_hal_dma.o(i.DMA_CalcBaseAndBitshift), (40 bytes).
    Removing stm32f4xx_hal_dma.o(i.DMA_SetConfig), (40 bytes).
    Removing stm32f4xx_hal_dma.o(i.HAL_DMA_Abort), (84 bytes).
    Removing stm32f4xx_hal_dma.o(i.HAL_DMA_DeInit), (86 bytes).
    Removing stm32f4xx_hal_dma.o(i.HAL_DMA_GetError), (4 bytes).
    Removing stm32f4xx_hal_dma.o(i.HAL_DMA_GetState), (6 bytes).
    Removing stm32f4xx_hal_dma.o(i.HAL_DMA_IRQHandler), (416 bytes).
    Removing stm32f4xx_hal_dma.o(i.HAL_DMA_Init), (120 bytes).
    Removing stm32f4xx_hal_dma.o(i.HAL_DMA_PollForTransfer), (336 bytes).
    Removing stm32f4xx_hal_dma.o(i.HAL_DMA_Start), (58 bytes).
    Removing stm32f4xx_hal_dma.o(i.HAL_DMA_Start_IT), (78 bytes).
    Removing stm32f4xx_hal_dma.o(.constdata), (8 bytes).
    Removing stm32f4xx_hal_flash.o(.rev16_text), (4 bytes).
    Removing stm32f4xx_hal_flash.o(.revsh_text), (4 bytes).
    Removing stm32f4xx_hal_flash.o(.rrx_text), (6 bytes).
    Removing stm32f4xx_hal_flash.o(i.FLASH_Program_Byte), (32 bytes).
    Removing stm32f4xx_hal_flash.o(i.FLASH_Program_DoubleWord), (40 bytes).
    Removing stm32f4xx_hal_flash.o(i.FLASH_Program_HalfWord), (36 bytes).
    Removing stm32f4xx_hal_flash.o(i.FLASH_Program_Word), (36 bytes).
    Removing stm32f4xx_hal_flash.o(i.FLASH_SetErrorCode), (124 bytes).
    Removing stm32f4xx_hal_flash.o(i.FLASH_WaitForLastOperation), (80 bytes).
    Removing stm32f4xx_hal_flash.o(i.HAL_FLASH_EndOfOperationCallback), (2 bytes).
    Removing stm32f4xx_hal_flash.o(i.HAL_FLASH_GetError), (12 bytes).
    Removing stm32f4xx_hal_flash.o(i.HAL_FLASH_IRQHandler), (204 bytes).
    Removing stm32f4xx_hal_flash.o(i.HAL_FLASH_Lock), (20 bytes).
    Removing stm32f4xx_hal_flash.o(i.HAL_FLASH_OB_Launch), (24 bytes).
    Removing stm32f4xx_hal_flash.o(i.HAL_FLASH_OB_Lock), (20 bytes).
    Removing stm32f4xx_hal_flash.o(i.HAL_FLASH_OB_Unlock), (40 bytes).
    Removing stm32f4xx_hal_flash.o(i.HAL_FLASH_OperationErrorCallback), (2 bytes).
    Removing stm32f4xx_hal_flash.o(i.HAL_FLASH_Program), (124 bytes).
    Removing stm32f4xx_hal_flash.o(i.HAL_FLASH_Program_IT), (108 bytes).
    Removing stm32f4xx_hal_flash.o(i.HAL_FLASH_Unlock), (40 bytes).
    Removing stm32f4xx_hal_flash.o(.bss), (32 bytes).
    Removing stm32f4xx_hal_rcc.o(.rev16_text), (4 bytes).
    Removing stm32f4xx_hal_rcc.o(.revsh_text), (4 bytes).
    Removing stm32f4xx_hal_rcc.o(.rrx_text), (6 bytes).
    Removing stm32f4xx_hal_rcc.o(i.HAL_RCC_CSSCallback), (2 bytes).
    Removing stm32f4xx_hal_rcc.o(i.HAL_RCC_DeInit), (2 bytes).
    Removing stm32f4xx_hal_rcc.o(i.HAL_RCC_DisableCSS), (12 bytes).
    Removing stm32f4xx_hal_rcc.o(i.HAL_RCC_EnableCSS), (12 bytes).
    Removing stm32f4xx_hal_rcc.o(i.HAL_RCC_GetClockConfig), (64 bytes).
    Removing stm32f4xx_hal_rcc.o(i.HAL_RCC_GetOscConfig), (224 bytes).
    Removing stm32f4xx_hal_rcc.o(i.HAL_RCC_GetPCLK2Freq), (44 bytes).
    Removing stm32f4xx_hal_rcc.o(i.HAL_RCC_MCOConfig), (140 bytes).
    Removing stm32f4xx_hal_rcc.o(i.HAL_RCC_NMI_IRQHandler), (28 bytes).
    Removing stm32f4xx_hal_dma_ex.o(.rev16_text), (4 bytes).
    Removing stm32f4xx_hal_dma_ex.o(.revsh_text), (4 bytes).
    Removing stm32f4xx_hal_dma_ex.o(.rrx_text), (6 bytes).
    Removing stm32f4xx_hal_dma_ex.o(i.DMA_MultiBufferSetConfig), (30 bytes).
    Removing stm32f4xx_hal_dma_ex.o(i.HAL_DMAEx_ChangeMemory), (14 bytes).
    Removing stm32f4xx_hal_dma_ex.o(i.HAL_DMAEx_MultiBufferStart), (92 bytes).
    Removing stm32f4xx_hal_dma_ex.o(i.HAL_DMAEx_MultiBufferStart_IT), (142 bytes).
    Removing stm32f4xx_hal_i2c.o(.rev16_text), (4 bytes).
    Removing stm32f4xx_hal_i2c.o(.revsh_text), (4 bytes).
    Removing stm32f4xx_hal_i2c.o(.rrx_text), (6 bytes).
    Removing stm32f4xx_hal_i2c.o(i.HAL_I2C_ER_IRQHandler), (216 bytes).
    Removing stm32f4xx_hal_i2c.o(i.HAL_I2C_EV_IRQHandler), (406 bytes).
    Removing stm32f4xx_hal_i2c.o(i.HAL_I2C_ErrorCallback), (2 bytes).
    Removing stm32f4xx_hal_i2c.o(i.HAL_I2C_GetError), (4 bytes).
    Removing stm32f4xx_hal_i2c.o(i.HAL_I2C_GetState), (6 bytes).
    Removing stm32f4xx_hal_i2c.o(i.HAL_I2C_IsDeviceReady), (320 bytes).
    Removing stm32f4xx_hal_i2c.o(i.HAL_I2C_MasterRxCpltCallback), (2 bytes).
    Removing stm32f4xx_hal_i2c.o(i.HAL_I2C_MasterTxCpltCallback), (2 bytes).
    Removing stm32f4xx_hal_i2c.o(i.HAL_I2C_Master_Receive), (448 bytes).
    Removing stm32f4xx_hal_i2c.o(i.HAL_I2C_Master_Receive_DMA), (208 bytes).
    Removing stm32f4xx_hal_i2c.o(i.HAL_I2C_Master_Receive_IT), (216 bytes).
    Removing stm32f4xx_hal_i2c.o(i.HAL_I2C_Master_Transmit), (232 bytes).
    Removing stm32f4xx_hal_i2c.o(i.HAL_I2C_Master_Transmit_DMA), (184 bytes).
    Removing stm32f4xx_hal_i2c.o(i.HAL_I2C_Master_Transmit_IT), (148 bytes).
    Removing stm32f4xx_hal_i2c.o(i.HAL_I2C_MemRxCpltCallback), (2 bytes).
    Removing stm32f4xx_hal_i2c.o(i.HAL_I2C_MemTxCpltCallback), (2 bytes).
    Removing stm32f4xx_hal_i2c.o(i.HAL_I2C_Mem_Read_DMA), (220 bytes).
    Removing stm32f4xx_hal_i2c.o(i.HAL_I2C_Mem_Read_IT), (232 bytes).
    Removing stm32f4xx_hal_i2c.o(i.HAL_I2C_Mem_Write_DMA), (188 bytes).
    Removing stm32f4xx_hal_i2c.o(i.HAL_I2C_Mem_Write_IT), (152 bytes).
    Removing stm32f4xx_hal_i2c.o(i.HAL_I2C_MspDeInit), (2 bytes).
    Removing stm32f4xx_hal_i2c.o(i.HAL_I2C_MspInit), (2 bytes).
    Removing stm32f4xx_hal_i2c.o(i.HAL_I2C_SlaveRxCpltCallback), (2 bytes).
    Removing stm32f4xx_hal_i2c.o(i.HAL_I2C_SlaveTxCpltCallback), (2 bytes).
    Removing stm32f4xx_hal_i2c.o(i.HAL_I2C_Slave_Receive), (248 bytes).
    Removing stm32f4xx_hal_i2c.o(i.HAL_I2C_Slave_Receive_DMA), (192 bytes).
    Removing stm32f4xx_hal_i2c.o(i.HAL_I2C_Slave_Receive_IT), (120 bytes).
    Removing stm32f4xx_hal_i2c.o(i.HAL_I2C_Slave_Transmit), (280 bytes).
    Removing stm32f4xx_hal_i2c.o(i.HAL_I2C_Slave_Transmit_DMA), (224 bytes).
    Removing stm32f4xx_hal_i2c.o(i.HAL_I2C_Slave_Transmit_IT), (120 bytes).
    Removing stm32f4xx_hal_i2c.o(i.I2C_DMAError), (38 bytes).
    Removing stm32f4xx_hal_i2c.o(i.I2C_DMAMasterReceiveCplt), (70 bytes).
    Removing stm32f4xx_hal_i2c.o(i.I2C_DMAMasterTransmitCplt), (80 bytes).
    Removing stm32f4xx_hal_i2c.o(i.I2C_DMAMemReceiveCplt), (70 bytes).
    Removing stm32f4xx_hal_i2c.o(i.I2C_DMAMemTransmitCplt), (80 bytes).
    Removing stm32f4xx_hal_i2c.o(i.I2C_DMASlaveReceiveCplt), (96 bytes).
    Removing stm32f4xx_hal_i2c.o(i.I2C_DMASlaveTransmitCplt), (86 bytes).
    Removing stm32f4xx_hal_i2c.o(i.I2C_MasterReceive_BTF), (128 bytes).
    Removing stm32f4xx_hal_i2c.o(i.I2C_MasterReceive_RXNE), (100 bytes).
    Removing stm32f4xx_hal_i2c.o(i.I2C_MasterRequestRead), (186 bytes).
    Removing stm32f4xx_hal_i2c.o(i.I2C_MasterRequestWrite), (116 bytes).
    Removing stm32f4xx_hal_iwdg.o(.rev16_text), (4 bytes).
    Removing stm32f4xx_hal_iwdg.o(.revsh_text), (4 bytes).
    Removing stm32f4xx_hal_iwdg.o(.rrx_text), (6 bytes).
    Removing stm32f4xx_hal_iwdg.o(i.HAL_IWDG_GetState), (4 bytes).
    Removing gpio.o(.rev16_text), (4 bytes).
    Removing gpio.o(.revsh_text), (4 bytes).
    Removing gpio.o(.rrx_text), (6 bytes).
    Removing stm32f4xx_hal_msp.o(.rev16_text), (4 bytes).
    Removing stm32f4xx_hal_msp.o(.revsh_text), (4 bytes).
    Removing stm32f4xx_hal_msp.o(.rrx_text), (6 bytes).
    Removing main.o(.rev16_text), (4 bytes).
    Removing main.o(.revsh_text), (4 bytes).
    Removing main.o(.rrx_text), (6 bytes).
    Removing main.o(.data), (1 bytes).
    Removing stm32f4xx_it.o(.rev16_text), (4 bytes).
    Removing stm32f4xx_it.o(.revsh_text), (4 bytes).
    Removing stm32f4xx_it.o(.rrx_text), (6 bytes).
    Removing i2c.o(.rev16_text), (4 bytes).
    Removing i2c.o(.revsh_text), (4 bytes).
    Removing i2c.o(.rrx_text), (6 bytes).
    Removing zlg7290.o(.rev16_text), (4 bytes).
    Removing zlg7290.o(.revsh_text), (4 bytes).
    Removing zlg7290.o(.rrx_text), (6 bytes).
    Removing zlg7290.o(i.I2C_ZLG7290_Read), (12 bytes).
    Removing zlg7290.o(i.I2C_ZLG7290_WriteOneByte), (4 bytes).
    Removing iwdg.o(.rev16_text), (4 bytes).
    Removing iwdg.o(.revsh_text), (4 bytes).
    Removing iwdg.o(.rrx_text), (6 bytes).
    Removing iwdg.o(i.IWDG_EnableAutoFeed), (12 bytes).
    Removing iwdg.o(i.IWDG_GetFeedCount), (12 bytes).
    Removing iwdg.o(i.IWDG_GetLastFeedTime), (12 bytes).
    Removing iwdg.o(i.IWDG_GetResetCauseString), (176 bytes).
    Removing iwdg.o(i.IWDG_GetState), (12 bytes).
    Removing iwdg.o(i.IWDG_IsAutoFeedEnabled), (12 bytes).
    Removing iwdg.o(i.IWDG_IsEnabled), (12 bytes).
    Removing iwdg.o(i.IWDG_ResetFeedCount), (12 bytes).
    Removing iwdg.o(i.IWDG_Stop), (16 bytes).
    Removing state_machine.o(.rev16_text), (4 bytes).
    Removing state_machine.o(.revsh_text), (4 bytes).
    Removing state_machine.o(.rrx_text), (6 bytes).
    Removing data_validator.o(.rev16_text), (4 bytes).
    Removing data_validator.o(.revsh_text), (4 bytes).
    Removing data_validator.o(.rrx_text), (6 bytes).
    Removing data_validator.o(i.Validate_SystemEvent), (12 bytes).
    Removing startup_stm32f407xx.o(HEAP), (512 bytes).

233 unused section(s) (total 12437 bytes) removed from the image.

==============================================================================

Image Symbol Table

    Local Symbols

    Symbol Name                              Value     Ov Type        Size  Object(Section)

    ../clib/microlib/division.c              0x00000000   Number         0  uidiv.o ABSOLUTE
    ../clib/microlib/division.c              0x00000000   Number         0  uldiv.o ABSOLUTE
    ../clib/microlib/init/entry.s            0x00000000   Number         0  entry8b.o ABSOLUTE
    ../clib/microlib/init/entry.s            0x00000000   Number         0  entry9a.o ABSOLUTE
    ../clib/microlib/init/entry.s            0x00000000   Number         0  entry10b.o ABSOLUTE
    ../clib/microlib/init/entry.s            0x00000000   Number         0  entry7b.o ABSOLUTE
    ../clib/microlib/init/entry.s            0x00000000   Number         0  entry8a.o ABSOLUTE
    ../clib/microlib/init/entry.s            0x00000000   Number         0  entry11a.o ABSOLUTE
    ../clib/microlib/init/entry.s            0x00000000   Number         0  entry10a.o ABSOLUTE
    ../clib/microlib/init/entry.s            0x00000000   Number         0  entry9b.o ABSOLUTE
    ../clib/microlib/init/entry.s            0x00000000   Number         0  entry5.o ABSOLUTE
    ../clib/microlib/init/entry.s            0x00000000   Number         0  entry11b.o ABSOLUTE
    ../clib/microlib/init/entry.s            0x00000000   Number         0  entry7a.o ABSOLUTE
    ../clib/microlib/init/entry.s            0x00000000   Number         0  entry.o ABSOLUTE
    ../clib/microlib/init/entry.s            0x00000000   Number         0  entry2.o ABSOLUTE
    ../clib/microlib/longlong.c              0x00000000   Number         0  llshl.o ABSOLUTE
    ../clib/microlib/longlong.c              0x00000000   Number         0  llsshr.o ABSOLUTE
    ../clib/microlib/longlong.c              0x00000000   Number         0  llushr.o ABSOLUTE
    ../clib/microlib/printf/printf.c         0x00000000   Number         0  printfa.o ABSOLUTE
    ../clib/microlib/printf/printf.c         0x00000000   Number         0  printf7.o ABSOLUTE
    ../clib/microlib/printf/printf.c         0x00000000   Number         0  printf5.o ABSOLUTE
    ../clib/microlib/printf/printf.c         0x00000000   Number         0  printf6.o ABSOLUTE
    ../clib/microlib/printf/printf.c         0x00000000   Number         0  printfb.o ABSOLUTE
    ../clib/microlib/printf/printf.c         0x00000000   Number         0  printf0.o ABSOLUTE
    ../clib/microlib/printf/printf.c         0x00000000   Number         0  printf1.o ABSOLUTE
    ../clib/microlib/printf/printf.c         0x00000000   Number         0  printf8.o ABSOLUTE
    ../clib/microlib/printf/printf.c         0x00000000   Number         0  printf2.o ABSOLUTE
    ../clib/microlib/printf/printf.c         0x00000000   Number         0  printf3.o ABSOLUTE
    ../clib/microlib/printf/printf.c         0x00000000   Number         0  printf4.o ABSOLUTE
    ../clib/microlib/printf/stubs.s          0x00000000   Number         0  stubs.o ABSOLUTE
    ../clib/microlib/stdio/fputc.c           0x00000000   Number         0  fputc.o ABSOLUTE
    ../clib/microlib/stdio/semi.s            0x00000000   Number         0  semi.o ABSOLUTE
    ../clib/microlib/stdio/streams.c         0x00000000   Number         0  stdout.o ABSOLUTE
    ../clib/microlib/string/memcpy.c         0x00000000   Number         0  memcpyb.o ABSOLUTE
    ../clib/microlib/string/memcpy.c         0x00000000   Number         0  memcpya.o ABSOLUTE
    ../clib/microlib/string/memset.c         0x00000000   Number         0  memseta.o ABSOLUTE
    ../clib/microlib/stubs.s                 0x00000000   Number         0  iusesemip.o ABSOLUTE
    ../clib/microlib/stubs.s                 0x00000000   Number         0  iusefp.o ABSOLUTE
    ../fplib/microlib/f2d.c                  0x00000000   Number         0  f2d.o ABSOLUTE
    ../fplib/microlib/fpadd.c                0x00000000   Number         0  dadd.o ABSOLUTE
    ../fplib/microlib/fpdiv.c                0x00000000   Number         0  ddiv.o ABSOLUTE
    ../fplib/microlib/fpepilogue.c           0x00000000   Number         0  depilogue.o ABSOLUTE
    ../fplib/microlib/fpfix.c                0x00000000   Number         0  dfixul.o ABSOLUTE
    ../fplib/microlib/fpmul.c                0x00000000   Number         0  dmul.o ABSOLUTE
    ..\Drivers\CMSIS\Device\ST\STM32F4xx\Source\Templates\arm\startup_stm32f407xx.s 0x00000000   Number         0  startup_stm32f407xx.o ABSOLUTE
    ..\Drivers\CMSIS\Device\ST\STM32F4xx\Source\Templates\system_stm32f4xx.c 0x00000000   Number         0  system_stm32f4xx.o ABSOLUTE
    ..\Drivers\STM32F4xx_HAL_Driver\Src\stm32f4xx_hal.c 0x00000000   Number         0  stm32f4xx_hal.o ABSOLUTE
    ..\Drivers\STM32F4xx_HAL_Driver\Src\stm32f4xx_hal_cortex.c 0x00000000   Number         0  stm32f4xx_hal_cortex.o ABSOLUTE
    ..\Drivers\STM32F4xx_HAL_Driver\Src\stm32f4xx_hal_dma.c 0x00000000   Number         0  stm32f4xx_hal_dma.o ABSOLUTE
    ..\Drivers\STM32F4xx_HAL_Driver\Src\stm32f4xx_hal_dma_ex.c 0x00000000   Number         0  stm32f4xx_hal_dma_ex.o ABSOLUTE
    ..\Drivers\STM32F4xx_HAL_Driver\Src\stm32f4xx_hal_flash.c 0x00000000   Number         0  stm32f4xx_hal_flash.o ABSOLUTE
    ..\Drivers\STM32F4xx_HAL_Driver\Src\stm32f4xx_hal_flash_ex.c 0x00000000   Number         0  stm32f4xx_hal_flash_ex.o ABSOLUTE
    ..\Drivers\STM32F4xx_HAL_Driver\Src\stm32f4xx_hal_flash_ramfunc.c 0x00000000   Number         0  stm32f4xx_hal_flash_ramfunc.o ABSOLUTE
    ..\Drivers\STM32F4xx_HAL_Driver\Src\stm32f4xx_hal_gpio.c 0x00000000   Number         0  stm32f4xx_hal_gpio.o ABSOLUTE
    ..\Drivers\STM32F4xx_HAL_Driver\Src\stm32f4xx_hal_i2c.c 0x00000000   Number         0  stm32f4xx_hal_i2c.o ABSOLUTE
    ..\Drivers\STM32F4xx_HAL_Driver\Src\stm32f4xx_hal_iwdg.c 0x00000000   Number         0  stm32f4xx_hal_iwdg.o ABSOLUTE
    ..\Drivers\STM32F4xx_HAL_Driver\Src\stm32f4xx_hal_pwr.c 0x00000000   Number         0  stm32f4xx_hal_pwr.o ABSOLUTE
    ..\Drivers\STM32F4xx_HAL_Driver\Src\stm32f4xx_hal_pwr_ex.c 0x00000000   Number         0  stm32f4xx_hal_pwr_ex.o ABSOLUTE
    ..\Drivers\STM32F4xx_HAL_Driver\Src\stm32f4xx_hal_rcc.c 0x00000000   Number         0  stm32f4xx_hal_rcc.o ABSOLUTE
    ..\Drivers\STM32F4xx_HAL_Driver\Src\stm32f4xx_hal_rcc_ex.c 0x00000000   Number         0  stm32f4xx_hal_rcc_ex.o ABSOLUTE
    ..\Src\data_validator.c                  0x00000000   Number         0  data_validator.o ABSOLUTE
    ..\Src\gpio.c                            0x00000000   Number         0  gpio.o ABSOLUTE
    ..\Src\i2c.c                             0x00000000   Number         0  i2c.o ABSOLUTE
    ..\Src\iwdg.c                            0x00000000   Number         0  iwdg.o ABSOLUTE
    ..\Src\main.c                            0x00000000   Number         0  main.o ABSOLUTE
    ..\Src\state_machine.c                   0x00000000   Number         0  state_machine.o ABSOLUTE
    ..\Src\stm32f4xx_hal_msp.c               0x00000000   Number         0  stm32f4xx_hal_msp.o ABSOLUTE
    ..\Src\stm32f4xx_it.c                    0x00000000   Number         0  stm32f4xx_it.o ABSOLUTE
    ..\Src\zlg7290.c                         0x00000000   Number         0  zlg7290.o ABSOLUTE
    ..\\Drivers\\CMSIS\\Device\\ST\\STM32F4xx\\Source\\Templates\\system_stm32f4xx.c 0x00000000   Number         0  system_stm32f4xx.o ABSOLUTE
    ..\\Drivers\\STM32F4xx_HAL_Driver\\Src\\stm32f4xx_hal.c 0x00000000   Number         0  stm32f4xx_hal.o ABSOLUTE
    ..\\Drivers\\STM32F4xx_HAL_Driver\\Src\\stm32f4xx_hal_cortex.c 0x00000000   Number         0  stm32f4xx_hal_cortex.o ABSOLUTE
    ..\\Drivers\\STM32F4xx_HAL_Driver\\Src\\stm32f4xx_hal_dma.c 0x00000000   Number         0  stm32f4xx_hal_dma.o ABSOLUTE
    ..\\Drivers\\STM32F4xx_HAL_Driver\\Src\\stm32f4xx_hal_dma_ex.c 0x00000000   Number         0  stm32f4xx_hal_dma_ex.o ABSOLUTE
    ..\\Drivers\\STM32F4xx_HAL_Driver\\Src\\stm32f4xx_hal_flash.c 0x00000000   Number         0  stm32f4xx_hal_flash.o ABSOLUTE
    ..\\Drivers\\STM32F4xx_HAL_Driver\\Src\\stm32f4xx_hal_flash_ex.c 0x00000000   Number         0  stm32f4xx_hal_flash_ex.o ABSOLUTE
    ..\\Drivers\\STM32F4xx_HAL_Driver\\Src\\stm32f4xx_hal_flash_ramfunc.c 0x00000000   Number         0  stm32f4xx_hal_flash_ramfunc.o ABSOLUTE
    ..\\Drivers\\STM32F4xx_HAL_Driver\\Src\\stm32f4xx_hal_gpio.c 0x00000000   Number         0  stm32f4xx_hal_gpio.o ABSOLUTE
    ..\\Drivers\\STM32F4xx_HAL_Driver\\Src\\stm32f4xx_hal_i2c.c 0x00000000   Number         0  stm32f4xx_hal_i2c.o ABSOLUTE
    ..\\Drivers\\STM32F4xx_HAL_Driver\\Src\\stm32f4xx_hal_iwdg.c 0x00000000   Number         0  stm32f4xx_hal_iwdg.o ABSOLUTE
    ..\\Drivers\\STM32F4xx_HAL_Driver\\Src\\stm32f4xx_hal_pwr.c 0x00000000   Number         0  stm32f4xx_hal_pwr.o ABSOLUTE
    ..\\Drivers\\STM32F4xx_HAL_Driver\\Src\\stm32f4xx_hal_pwr_ex.c 0x00000000   Number         0  stm32f4xx_hal_pwr_ex.o ABSOLUTE
    ..\\Drivers\\STM32F4xx_HAL_Driver\\Src\\stm32f4xx_hal_rcc.c 0x00000000   Number         0  stm32f4xx_hal_rcc.o ABSOLUTE
    ..\\Drivers\\STM32F4xx_HAL_Driver\\Src\\stm32f4xx_hal_rcc_ex.c 0x00000000   Number         0  stm32f4xx_hal_rcc_ex.o ABSOLUTE
    ..\\Src\\data_validator.c                0x00000000   Number         0  data_validator.o ABSOLUTE
    ..\\Src\\gpio.c                          0x00000000   Number         0  gpio.o ABSOLUTE
    ..\\Src\\i2c.c                           0x00000000   Number         0  i2c.o ABSOLUTE
    ..\\Src\\iwdg.c                          0x00000000   Number         0  iwdg.o ABSOLUTE
    ..\\Src\\main.c                          0x00000000   Number         0  main.o ABSOLUTE
    ..\\Src\\state_machine.c                 0x00000000   Number         0  state_machine.o ABSOLUTE
    ..\\Src\\stm32f4xx_hal_msp.c             0x00000000   Number         0  stm32f4xx_hal_msp.o ABSOLUTE
    ..\\Src\\stm32f4xx_it.c                  0x00000000   Number         0  stm32f4xx_it.o ABSOLUTE
    ..\\Src\\zlg7290.c                       0x00000000   Number         0  zlg7290.o ABSOLUTE
    cdrcmple.s                               0x00000000   Number         0  cdrcmple.o ABSOLUTE
    dc.s                                     0x00000000   Number         0  dc.o ABSOLUTE
    handlers.s                               0x00000000   Number         0  handlers.o ABSOLUTE
    init.s                                   0x00000000   Number         0  init.o ABSOLUTE
    RESET                                    0x08000000   Section      392  startup_stm32f407xx.o(RESET)
    .ARM.Collect$$$$00000000                 0x08000188   Section        0  entry.o(.ARM.Collect$$$$00000000)
    .ARM.Collect$$$$00000001                 0x08000188   Section        4  entry2.o(.ARM.Collect$$$$00000001)
    .ARM.Collect$$$$00000004                 0x0800018c   Section        4  entry5.o(.ARM.Collect$$$$00000004)
    .ARM.Collect$$$$00000008                 0x08000190   Section        0  entry7b.o(.ARM.Collect$$$$00000008)
    .ARM.Collect$$$$0000000A                 0x08000190   Section        0  entry8b.o(.ARM.Collect$$$$0000000A)
    .ARM.Collect$$$$0000000B                 0x08000190   Section        8  entry9a.o(.ARM.Collect$$$$0000000B)
    .ARM.Collect$$$$0000000D                 0x08000198   Section        0  entry10a.o(.ARM.Collect$$$$0000000D)
    .ARM.Collect$$$$0000000F                 0x08000198   Section        0  entry11a.o(.ARM.Collect$$$$0000000F)
    .ARM.Collect$$$$00002712                 0x08000198   Section        4  entry2.o(.ARM.Collect$$$$00002712)
    __lit__00000000                          0x08000198   Data           4  entry2.o(.ARM.Collect$$$$00002712)
    .text                                    0x0800019c   Section       36  startup_stm32f407xx.o(.text)
    $v0                                      0x0800019c   Number         0  startup_stm32f407xx.o(.text)
    .text                                    0x080001c0   Section        0  memcpya.o(.text)
    .text                                    0x080001e4   Section        0  memseta.o(.text)
    .text                                    0x08000208   Section        0  f2d.o(.text)
    .text                                    0x0800022e   Section        0  uidiv.o(.text)
    .text                                    0x0800025a   Section        0  uldiv.o(.text)
    .text                                    0x080002bc   Section        0  iusefp.o(.text)
    .text                                    0x080002bc   Section        0  dadd.o(.text)
    .text                                    0x0800040a   Section        0  dmul.o(.text)
    .text                                    0x080004ee   Section        0  ddiv.o(.text)
    .text                                    0x080005cc   Section        0  dfixul.o(.text)
    .text                                    0x080005fc   Section       48  cdrcmple.o(.text)
    .text                                    0x0800062c   Section       36  init.o(.text)
    .text                                    0x08000650   Section        0  semi.o(.text)
    .text                                    0x08000650   Section        0  llshl.o(.text)
    .text                                    0x0800066e   Section        0  llushr.o(.text)
    .text                                    0x0800068e   Section        0  llsshr.o(.text)
    .text                                    0x080006b2   Section        0  iusesemip.o(.text)
    .text                                    0x080006b2   Section        0  depilogue.o(.text)
    i.Calculate_Checksum                     0x0800076c   Section        0  main.o(i.Calculate_Checksum)
    i.Check_I2C_Health                       0x08000780   Section        0  main.o(i.Check_I2C_Health)
    i.Display_Add_Digit                      0x08000888   Section        0  main.o(i.Display_Add_Digit)
    i.Display_Clear                          0x080008f8   Section        0  main.o(i.Display_Clear)
    i.Display_Init                           0x08000918   Section        0  main.o(i.Display_Init)
    i.Display_Update                         0x08000938   Section        0  main.o(i.Display_Update)
    i.EXTI15_10_IRQHandler                   0x08000978   Section        0  stm32f4xx_it.o(i.EXTI15_10_IRQHandler)
    i.Error_Handler                          0x08000980   Section        0  main.o(i.Error_Handler)
    i.Get_Key_Number                         0x08000982   Section        0  state_machine.o(i.Get_Key_Number)
    i.Get_Microseconds                       0x080009e0   Section        0  main.o(i.Get_Microseconds)
    i.HAL_Delay                              0x08000a1c   Section        0  stm32f4xx_hal.o(i.HAL_Delay)
    i.HAL_GPIO_DeInit                        0x08000a34   Section        0  stm32f4xx_hal_gpio.o(i.HAL_GPIO_DeInit)
    i.HAL_GPIO_EXTI_Callback                 0x08000b94   Section        0  gpio.o(i.HAL_GPIO_EXTI_Callback)
    i.HAL_GPIO_EXTI_IRQHandler               0x08000ba8   Section        0  stm32f4xx_hal_gpio.o(i.HAL_GPIO_EXTI_IRQHandler)
    i.HAL_GPIO_Init                          0x08000bc0   Section        0  stm32f4xx_hal_gpio.o(i.HAL_GPIO_Init)
    i.HAL_GPIO_WritePin                      0x08000d80   Section        0  stm32f4xx_hal_gpio.o(i.HAL_GPIO_WritePin)
    i.HAL_GetTick                            0x08000d8c   Section        0  stm32f4xx_hal.o(i.HAL_GetTick)
    i.HAL_I2C_DeInit                         0x08000d98   Section        0  stm32f4xx_hal_i2c.o(i.HAL_I2C_DeInit)
    i.HAL_I2C_Init                           0x08000dc8   Section        0  stm32f4xx_hal_i2c.o(i.HAL_I2C_Init)
    i.HAL_I2C_Mem_Read                       0x08000ec8   Section        0  stm32f4xx_hal_i2c.o(i.HAL_I2C_Mem_Read)
    i.HAL_I2C_Mem_Write                      0x0800108c   Section        0  stm32f4xx_hal_i2c.o(i.HAL_I2C_Mem_Write)
    i.HAL_I2C_MspDeInit                      0x08001178   Section        0  i2c.o(i.HAL_I2C_MspDeInit)
    i.HAL_I2C_MspInit                        0x080011a0   Section        0  i2c.o(i.HAL_I2C_MspInit)
    i.HAL_IWDG_Init                          0x080011ec   Section        0  stm32f4xx_hal_iwdg.o(i.HAL_IWDG_Init)
    i.HAL_IWDG_MspInit                       0x08001236   Section        0  stm32f4xx_hal_iwdg.o(i.HAL_IWDG_MspInit)
    i.HAL_IWDG_Refresh                       0x08001238   Section        0  stm32f4xx_hal_iwdg.o(i.HAL_IWDG_Refresh)
    i.HAL_IWDG_Start                         0x0800128c   Section        0  stm32f4xx_hal_iwdg.o(i.HAL_IWDG_Start)
    i.HAL_IncTick                            0x080012b8   Section        0  stm32f4xx_hal.o(i.HAL_IncTick)
    i.HAL_Init                               0x080012c8   Section        0  stm32f4xx_hal.o(i.HAL_Init)
    i.HAL_InitTick                           0x080012fc   Section        0  stm32f4xx_hal.o(i.HAL_InitTick)
    i.HAL_MspInit                            0x0800131e   Section        0  stm32f4xx_hal_msp.o(i.HAL_MspInit)
    i.HAL_NVIC_EnableIRQ                     0x08001334   Section        0  stm32f4xx_hal_cortex.o(i.HAL_NVIC_EnableIRQ)
    i.HAL_NVIC_SetPriority                   0x0800134c   Section        0  stm32f4xx_hal_cortex.o(i.HAL_NVIC_SetPriority)
    i.HAL_NVIC_SetPriorityGrouping           0x0800138c   Section        0  stm32f4xx_hal_cortex.o(i.HAL_NVIC_SetPriorityGrouping)
    i.HAL_PWR_EnableBkUpAccess               0x080013b0   Section        0  stm32f4xx_hal_pwr.o(i.HAL_PWR_EnableBkUpAccess)
    i.HAL_PWR_EnterSLEEPMode                 0x080013c8   Section        0  stm32f4xx_hal_pwr.o(i.HAL_PWR_EnterSLEEPMode)
    i.HAL_RCC_ClockConfig                    0x080013e8   Section        0  stm32f4xx_hal_rcc.o(i.HAL_RCC_ClockConfig)
    i.HAL_RCC_GetHCLKFreq                    0x080015f4   Section        0  stm32f4xx_hal_rcc.o(i.HAL_RCC_GetHCLKFreq)
    i.HAL_RCC_GetPCLK1Freq                   0x08001628   Section        0  stm32f4xx_hal_rcc.o(i.HAL_RCC_GetPCLK1Freq)
    i.HAL_RCC_GetSysClockFreq                0x08001654   Section        0  stm32f4xx_hal_rcc.o(i.HAL_RCC_GetSysClockFreq)
    i.HAL_RCC_OscConfig                      0x080016c8   Section        0  stm32f4xx_hal_rcc.o(i.HAL_RCC_OscConfig)
    i.HAL_SYSTICK_CLKSourceConfig            0x08001a04   Section        0  stm32f4xx_hal_cortex.o(i.HAL_SYSTICK_CLKSourceConfig)
    i.HAL_SYSTICK_Callback                   0x08001a1c   Section        0  stm32f4xx_hal_cortex.o(i.HAL_SYSTICK_Callback)
    i.HAL_SYSTICK_Config                     0x08001a1e   Section        0  stm32f4xx_hal_cortex.o(i.HAL_SYSTICK_Config)
    i.HAL_SYSTICK_IRQHandler                 0x08001a46   Section        0  stm32f4xx_hal_cortex.o(i.HAL_SYSTICK_IRQHandler)
    i.Handle_I2C_Error                       0x08001a50   Section        0  main.o(i.Handle_I2C_Error)
    i.I2C_Bus_Reset                          0x08001abc   Section        0  zlg7290.o(i.I2C_Bus_Reset)
    i.I2C_Check_Bus_Status                   0x08001b06   Section        0  zlg7290.o(i.I2C_Check_Bus_Status)
    i.I2C_Error_Recovery                     0x08001b2e   Section        0  zlg7290.o(i.I2C_Error_Recovery)
    i.I2C_Get_ErrorStats                     0x08001b58   Section        0  zlg7290.o(i.I2C_Get_ErrorStats)
    i.I2C_Init_ErrorStats                    0x08001b60   Section        0  zlg7290.o(i.I2C_Init_ErrorStats)
    i.I2C_Print_ErrorStats                   0x08001b6c   Section        0  zlg7290.o(i.I2C_Print_ErrorStats)
    i.I2C_RequestMemoryRead                  0x08001d00   Section        0  stm32f4xx_hal_i2c.o(i.I2C_RequestMemoryRead)
    I2C_RequestMemoryRead                    0x08001d01   Thumb Code   218  stm32f4xx_hal_i2c.o(i.I2C_RequestMemoryRead)
    i.I2C_RequestMemoryWrite                 0x08001de0   Section        0  stm32f4xx_hal_i2c.o(i.I2C_RequestMemoryWrite)
    I2C_RequestMemoryWrite                   0x08001de1   Thumb Code   140  stm32f4xx_hal_i2c.o(i.I2C_RequestMemoryWrite)
    i.I2C_Reset_ErrorStats                   0x08001e70   Section        0  zlg7290.o(i.I2C_Reset_ErrorStats)
    i.I2C_WaitOnFlagUntilTimeout             0x08001e74   Section        0  stm32f4xx_hal_i2c.o(i.I2C_WaitOnFlagUntilTimeout)
    I2C_WaitOnFlagUntilTimeout               0x08001e75   Thumb Code   138  stm32f4xx_hal_i2c.o(i.I2C_WaitOnFlagUntilTimeout)
    i.I2C_WaitOnMasterAddressFlagUntilTimeout 0x08001f00   Section        0  stm32f4xx_hal_i2c.o(i.I2C_WaitOnMasterAddressFlagUntilTimeout)
    I2C_WaitOnMasterAddressFlagUntilTimeout  0x08001f01   Thumb Code   136  stm32f4xx_hal_i2c.o(i.I2C_WaitOnMasterAddressFlagUntilTimeout)
    i.I2C_ZLG7290_Read_WithRetry             0x08001f88   Section        0  zlg7290.o(i.I2C_ZLG7290_Read_WithRetry)
    i.I2C_ZLG7290_Write                      0x0800202c   Section        0  zlg7290.o(i.I2C_ZLG7290_Write)
    i.I2C_ZLG7290_WriteOneByte_WithRetry     0x08002038   Section        0  zlg7290.o(i.I2C_ZLG7290_WriteOneByte_WithRetry)
    i.I2C_ZLG7290_Write_WithRetry            0x080020dc   Section        0  zlg7290.o(i.I2C_ZLG7290_Write_WithRetry)
    i.IWDG_Feed                              0x08002114   Section        0  iwdg.o(i.IWDG_Feed)
    i.IWDG_GetLastResetCause                 0x08002140   Section        0  iwdg.o(i.IWDG_GetLastResetCause)
    i.IWDG_GetResetCause                     0x0800214c   Section        0  iwdg.o(i.IWDG_GetResetCause)
    i.IWDG_Start                             0x08002198   Section        0  iwdg.o(i.IWDG_Start)
    i.IWDG_SystemInit                        0x080021c0   Section        0  main.o(i.IWDG_SystemInit)
    i.IWDG_SystemTask                        0x080021d0   Section        0  main.o(i.IWDG_SystemTask)
    i.IWDG_Task                              0x080021f0   Section        0  iwdg.o(i.IWDG_Task)
    i.Init_Backup_SRAM                       0x0800221c   Section        0  main.o(i.Init_Backup_SRAM)
    i.MX_GPIO_Init                           0x08002250   Section        0  gpio.o(i.MX_GPIO_Init)
    i.MX_I2C1_Init                           0x080022e4   Section        0  i2c.o(i.MX_I2C1_Init)
    i.MX_IWDG_Init                           0x08002324   Section        0  iwdg.o(i.MX_IWDG_Init)
    i.NVIC_SetPriority                       0x08002368   Section        0  stm32f4xx_hal_cortex.o(i.NVIC_SetPriority)
    NVIC_SetPriority                         0x08002369   Thumb Code    32  stm32f4xx_hal_cortex.o(i.NVIC_SetPriority)
    i.Play_Note                              0x08002388   Section        0  main.o(i.Play_Note)
    i.Process_Key_Input                      0x0800242c   Section        0  state_machine.o(i.Process_Key_Input)
    i.Repair_DisplayBuffer                   0x080024ac   Section        0  data_validator.o(i.Repair_DisplayBuffer)
    i.Repair_HotStartData                    0x080024e0   Section        0  data_validator.o(i.Repair_HotStartData)
    i.Restore_HotStart_State                 0x08002514   Section        0  main.o(i.Restore_HotStart_State)
    i.Safe_Get_DisplayPosition               0x0800259c   Section        0  data_validator.o(i.Safe_Get_DisplayPosition)
    i.Safe_Get_KeyValue                      0x080025ae   Section        0  data_validator.o(i.Safe_Get_KeyValue)
    i.Safe_Get_NoteIndex                     0x080025c0   Section        0  data_validator.o(i.Safe_Get_NoteIndex)
    i.Save_HotStart_State                    0x080025d4   Section        0  main.o(i.Save_HotStart_State)
    i.StateMachine_GetEvent                  0x08002640   Section        0  state_machine.o(i.StateMachine_GetEvent)
    i.StateMachine_Init                      0x08002688   Section        0  state_machine.o(i.StateMachine_Init)
    i.StateMachine_Run                       0x080026e0   Section        0  state_machine.o(i.StateMachine_Run)
    i.StateMachine_SetHotStartFlag           0x08002744   Section        0  state_machine.o(i.StateMachine_SetHotStartFlag)
    i.StateMachine_SetState                  0x08002750   Section        0  state_machine.o(i.StateMachine_SetState)
    i.State_AudioPlay_Handler                0x08002774   Section        0  state_machine.o(i.State_AudioPlay_Handler)
    i.State_DisplayUpdate_Handler            0x080027ac   Section        0  state_machine.o(i.State_DisplayUpdate_Handler)
    i.State_ErrorHandle_Handler              0x080027bc   Section        0  state_machine.o(i.State_ErrorHandle_Handler)
    i.State_Idle_Handler                     0x080027d0   Section        0  state_machine.o(i.State_Idle_Handler)
    i.State_KeyDetect_Handler                0x08002830   Section        0  state_machine.o(i.State_KeyDetect_Handler)
    i.State_KeyProcess_Handler               0x08002888   Section        0  state_machine.o(i.State_KeyProcess_Handler)
    i.State_SystemMaintain_Handler           0x080028bc   Section        0  state_machine.o(i.State_SystemMaintain_Handler)
    i.Stop_Note                              0x080028cc   Section        0  main.o(i.Stop_Note)
    i.SysTick_Handler                        0x080028dc   Section        0  stm32f4xx_it.o(i.SysTick_Handler)
    i.SystemClock_Config                     0x080028ec   Section        0  main.o(i.SystemClock_Config)
    i.SystemInit                             0x08002978   Section        0  system_stm32f4xx.o(i.SystemInit)
    i.Validate_DisplayBuffer                 0x080029cc   Section        0  data_validator.o(i.Validate_DisplayBuffer)
    i.Validate_DisplayPosition               0x08002a08   Section        0  data_validator.o(i.Validate_DisplayPosition)
    i.Validate_HotStart_Data                 0x08002a14   Section        0  data_validator.o(i.Validate_HotStart_Data)
    i.Validate_KeyValue                      0x08002a68   Section        0  data_validator.o(i.Validate_KeyValue)
    i.Validate_NoteIndex                     0x08002a78   Section        0  data_validator.o(i.Validate_NoteIndex)
    i.Validate_SystemState                   0x08002a84   Section        0  data_validator.o(i.Validate_SystemState)
    i.__0printf                              0x08002a90   Section        0  printfa.o(i.__0printf)
    i.__scatterload_copy                     0x08002ab0   Section       14  handlers.o(i.__scatterload_copy)
    i.__scatterload_null                     0x08002abe   Section        2  handlers.o(i.__scatterload_null)
    i.__scatterload_zeroinit                 0x08002ac0   Section       14  handlers.o(i.__scatterload_zeroinit)
    i._fp_digits                             0x08002ad0   Section        0  printfa.o(i._fp_digits)
    _fp_digits                               0x08002ad1   Thumb Code   366  printfa.o(i._fp_digits)
    i._printf_core                           0x08002c54   Section        0  printfa.o(i._printf_core)
    _printf_core                             0x08002c55   Thumb Code  1744  printfa.o(i._printf_core)
    i._printf_post_padding                   0x08003330   Section        0  printfa.o(i._printf_post_padding)
    _printf_post_padding                     0x08003331   Thumb Code    36  printfa.o(i._printf_post_padding)
    i._printf_pre_padding                    0x08003354   Section        0  printfa.o(i._printf_pre_padding)
    _printf_pre_padding                      0x08003355   Thumb Code    46  printfa.o(i._printf_pre_padding)
    i.fputc                                  0x08003382   Section        0  fputc.o(i.fputc)
    i.main                                   0x08003394   Section        0  main.o(i.main)
    .constdata                               0x08003418   Section       16  stm32f4xx_hal_rcc.o(.constdata)
    .constdata                               0x08003428   Section       28  main.o(.constdata)
    .data                                    0x20000000   Section        4  system_stm32f4xx.o(.data)
    .data                                    0x20000004   Section        4  stm32f4xx_hal.o(.data)
    uwTick                                   0x20000004   Data           4  stm32f4xx_hal.o(.data)
    .data                                    0x20000008   Section       36  main.o(.data)
    i2c_communication_ok                     0x2000000c   Data           1  main.o(.data)
    pin_state                                0x2000000d   Data           1  main.o(.data)
    last_note_index                          0x2000000e   Data           1  main.o(.data)
    i2c_error_count                          0x20000014   Data           4  main.o(.data)
    last_i2c_error_time                      0x20000018   Data           4  main.o(.data)
    last_toggle_time                         0x2000001c   Data           4  main.o(.data)
    last_feed_info_time                      0x20000020   Data           4  main.o(.data)
    .data                                    0x2000002c   Section        1  main.o(.data)
    .data                                    0x20000030   Section        4  zlg7290.o(.data)
    .data                                    0x20000034   Section       12  iwdg.o(.data)
    iwdg_auto_feed_enabled                   0x20000034   Data           1  iwdg.o(.data)
    iwdg_enabled                             0x20000035   Data           1  iwdg.o(.data)
    last_reset_cause                         0x20000036   Data           1  iwdg.o(.data)
    iwdg_feed_count                          0x20000038   Data           4  iwdg.o(.data)
    iwdg_last_feed_time                      0x2000003c   Data           4  iwdg.o(.data)
    .data                                    0x20000040   Section        1  state_machine.o(.data)
    hot_start_flag                           0x20000040   Data           1  state_machine.o(.data)
    .data                                    0x20000044   Section        4  stdout.o(.data)
    .bss                                     0x20000048   Section       60  i2c.o(.bss)
    .bss                                     0x20000084   Section       32  zlg7290.o(.bss)
    i2c_error_stats                          0x20000084   Data          32  zlg7290.o(.bss)
    .bss                                     0x200000a4   Section       16  iwdg.o(.bss)
    .bss                                     0x200000b4   Section       28  state_machine.o(.bss)
    state_machine                            0x200000b4   Data          28  state_machine.o(.bss)
    STACK                                    0x200000d0   Section     1024  startup_stm32f407xx.o(STACK)

    Global Symbols

    Symbol Name                              Value     Ov Type        Size  Object(Section)

    BuildAttributes$$THM_ISAv4$E$P$D$K$B$S$7EM$VFPi3$EXTD16$VFPS$VFMA$PE$A:L22UL41UL21$X:L11$S22US41US21$IEEE1$IW$USESV6$~STKCKD$USESV7$~SHL$OSPACE$ROPI$EBA8$MICROLIB$REQ8$PRES8$EABIv2 0x00000000   Number         0  anon$$obj.o ABSOLUTE
    __ARM_use_no_argv                        0x00000000   Number         0  main.o ABSOLUTE
    _printf_a                                0x00000000   Number         0  stubs.o ABSOLUTE
    _printf_c                                0x00000000   Number         0  stubs.o ABSOLUTE
    _printf_charcount                        0x00000000   Number         0  stubs.o ABSOLUTE
    _printf_d                                0x00000000   Number         0  stubs.o ABSOLUTE
    _printf_e                                0x00000000   Number         0  stubs.o ABSOLUTE
    _printf_f                                0x00000000   Number         0  stubs.o ABSOLUTE
    _printf_flags                            0x00000000   Number         0  stubs.o ABSOLUTE
    _printf_fp_dec                           0x00000000   Number         0  stubs.o ABSOLUTE
    _printf_fp_hex                           0x00000000   Number         0  stubs.o ABSOLUTE
    _printf_g                                0x00000000   Number         0  stubs.o ABSOLUTE
    _printf_i                                0x00000000   Number         0  stubs.o ABSOLUTE
    _printf_int_dec                          0x00000000   Number         0  stubs.o ABSOLUTE
    _printf_l                                0x00000000   Number         0  stubs.o ABSOLUTE
    _printf_lc                               0x00000000   Number         0  stubs.o ABSOLUTE
    _printf_ll                               0x00000000   Number         0  stubs.o ABSOLUTE
    _printf_lld                              0x00000000   Number         0  stubs.o ABSOLUTE
    _printf_lli                              0x00000000   Number         0  stubs.o ABSOLUTE
    _printf_llo                              0x00000000   Number         0  stubs.o ABSOLUTE
    _printf_llu                              0x00000000   Number         0  stubs.o ABSOLUTE
    _printf_llx                              0x00000000   Number         0  stubs.o ABSOLUTE
    _printf_longlong_dec                     0x00000000   Number         0  stubs.o ABSOLUTE
    _printf_longlong_hex                     0x00000000   Number         0  stubs.o ABSOLUTE
    _printf_longlong_oct                     0x00000000   Number         0  stubs.o ABSOLUTE
    _printf_ls                               0x00000000   Number         0  stubs.o ABSOLUTE
    _printf_mbtowc                           0x00000000   Number         0  stubs.o ABSOLUTE
    _printf_n                                0x00000000   Number         0  stubs.o ABSOLUTE
    _printf_o                                0x00000000   Number         0  stubs.o ABSOLUTE
    _printf_p                                0x00000000   Number         0  stubs.o ABSOLUTE
    _printf_percent                          0x00000000   Number         0  stubs.o ABSOLUTE
    _printf_pre_padding                      0x00000000   Number         0  stubs.o ABSOLUTE
    _printf_return_value                     0x00000000   Number         0  stubs.o ABSOLUTE
    _printf_s                                0x00000000   Number         0  stubs.o ABSOLUTE
    _printf_sizespec                         0x00000000   Number         0  stubs.o ABSOLUTE
    _printf_str                              0x00000000   Number         0  stubs.o ABSOLUTE
    _printf_truncate_signed                  0x00000000   Number         0  stubs.o ABSOLUTE
    _printf_truncate_unsigned                0x00000000   Number         0  stubs.o ABSOLUTE
    _printf_u                                0x00000000   Number         0  stubs.o ABSOLUTE
    _printf_wc                               0x00000000   Number         0  stubs.o ABSOLUTE
    _printf_wctomb                           0x00000000   Number         0  stubs.o ABSOLUTE
    _printf_widthprec                        0x00000000   Number         0  stubs.o ABSOLUTE
    _printf_x                                0x00000000   Number         0  stubs.o ABSOLUTE
    __cpp_initialize__aeabi_                  - Undefined Weak Reference
    __cxa_finalize                            - Undefined Weak Reference
    __decompress                              - Undefined Weak Reference
    _clock_init                               - Undefined Weak Reference
    _microlib_exit                            - Undefined Weak Reference
    __Vectors_Size                           0x00000188   Number         0  startup_stm32f407xx.o ABSOLUTE
    __Vectors                                0x08000000   Data           4  startup_stm32f407xx.o(RESET)
    __Vectors_End                            0x08000188   Data           0  startup_stm32f407xx.o(RESET)
    __main                                   0x08000189   Thumb Code     0  entry.o(.ARM.Collect$$$$00000000)
    _main_stk                                0x08000189   Thumb Code     0  entry2.o(.ARM.Collect$$$$00000001)
    _main_scatterload                        0x0800018d   Thumb Code     0  entry5.o(.ARM.Collect$$$$00000004)
    __main_after_scatterload                 0x08000191   Thumb Code     0  entry5.o(.ARM.Collect$$$$00000004)
    _main_clock                              0x08000191   Thumb Code     0  entry7b.o(.ARM.Collect$$$$00000008)
    _main_cpp_init                           0x08000191   Thumb Code     0  entry8b.o(.ARM.Collect$$$$0000000A)
    _main_init                               0x08000191   Thumb Code     0  entry9a.o(.ARM.Collect$$$$0000000B)
    __rt_final_cpp                           0x08000199   Thumb Code     0  entry10a.o(.ARM.Collect$$$$0000000D)
    __rt_final_exit                          0x08000199   Thumb Code     0  entry11a.o(.ARM.Collect$$$$0000000F)
    Reset_Handler                            0x0800019d   Thumb Code     8  startup_stm32f407xx.o(.text)
    NMI_Handler                              0x080001a5   Thumb Code     2  startup_stm32f407xx.o(.text)
    HardFault_Handler                        0x080001a7   Thumb Code     2  startup_stm32f407xx.o(.text)
    MemManage_Handler                        0x080001a9   Thumb Code     2  startup_stm32f407xx.o(.text)
    BusFault_Handler                         0x080001ab   Thumb Code     2  startup_stm32f407xx.o(.text)
    UsageFault_Handler                       0x080001ad   Thumb Code     2  startup_stm32f407xx.o(.text)
    SVC_Handler                              0x080001af   Thumb Code     2  startup_stm32f407xx.o(.text)
    DebugMon_Handler                         0x080001b1   Thumb Code     2  startup_stm32f407xx.o(.text)
    PendSV_Handler                           0x080001b3   Thumb Code     2  startup_stm32f407xx.o(.text)
    ADC_IRQHandler                           0x080001b7   Thumb Code     0  startup_stm32f407xx.o(.text)
    CAN1_RX0_IRQHandler                      0x080001b7   Thumb Code     0  startup_stm32f407xx.o(.text)
    CAN1_RX1_IRQHandler                      0x080001b7   Thumb Code     0  startup_stm32f407xx.o(.text)
    CAN1_SCE_IRQHandler                      0x080001b7   Thumb Code     0  startup_stm32f407xx.o(.text)
    CAN1_TX_IRQHandler                       0x080001b7   Thumb Code     0  startup_stm32f407xx.o(.text)
    CAN2_RX0_IRQHandler                      0x080001b7   Thumb Code     0  startup_stm32f407xx.o(.text)
    CAN2_RX1_IRQHandler                      0x080001b7   Thumb Code     0  startup_stm32f407xx.o(.text)
    CAN2_SCE_IRQHandler                      0x080001b7   Thumb Code     0  startup_stm32f407xx.o(.text)
    CAN2_TX_IRQHandler                       0x080001b7   Thumb Code     0  startup_stm32f407xx.o(.text)
    DCMI_IRQHandler                          0x080001b7   Thumb Code     0  startup_stm32f407xx.o(.text)
    DMA1_Stream0_IRQHandler                  0x080001b7   Thumb Code     0  startup_stm32f407xx.o(.text)
    DMA1_Stream1_IRQHandler                  0x080001b7   Thumb Code     0  startup_stm32f407xx.o(.text)
    DMA1_Stream2_IRQHandler                  0x080001b7   Thumb Code     0  startup_stm32f407xx.o(.text)
    DMA1_Stream3_IRQHandler                  0x080001b7   Thumb Code     0  startup_stm32f407xx.o(.text)
    DMA1_Stream4_IRQHandler                  0x080001b7   Thumb Code     0  startup_stm32f407xx.o(.text)
    DMA1_Stream5_IRQHandler                  0x080001b7   Thumb Code     0  startup_stm32f407xx.o(.text)
    DMA1_Stream6_IRQHandler                  0x080001b7   Thumb Code     0  startup_stm32f407xx.o(.text)
    DMA1_Stream7_IRQHandler                  0x080001b7   Thumb Code     0  startup_stm32f407xx.o(.text)
    DMA2_Stream0_IRQHandler                  0x080001b7   Thumb Code     0  startup_stm32f407xx.o(.text)
    DMA2_Stream1_IRQHandler                  0x080001b7   Thumb Code     0  startup_stm32f407xx.o(.text)
    DMA2_Stream2_IRQHandler                  0x080001b7   Thumb Code     0  startup_stm32f407xx.o(.text)
    DMA2_Stream3_IRQHandler                  0x080001b7   Thumb Code     0  startup_stm32f407xx.o(.text)
    DMA2_Stream4_IRQHandler                  0x080001b7   Thumb Code     0  startup_stm32f407xx.o(.text)
    DMA2_Stream5_IRQHandler                  0x080001b7   Thumb Code     0  startup_stm32f407xx.o(.text)
    DMA2_Stream6_IRQHandler                  0x080001b7   Thumb Code     0  startup_stm32f407xx.o(.text)
    DMA2_Stream7_IRQHandler                  0x080001b7   Thumb Code     0  startup_stm32f407xx.o(.text)
    ETH_IRQHandler                           0x080001b7   Thumb Code     0  startup_stm32f407xx.o(.text)
    ETH_WKUP_IRQHandler                      0x080001b7   Thumb Code     0  startup_stm32f407xx.o(.text)
    EXTI0_IRQHandler                         0x080001b7   Thumb Code     0  startup_stm32f407xx.o(.text)
    EXTI1_IRQHandler                         0x080001b7   Thumb Code     0  startup_stm32f407xx.o(.text)
    EXTI2_IRQHandler                         0x080001b7   Thumb Code     0  startup_stm32f407xx.o(.text)
    EXTI3_IRQHandler                         0x080001b7   Thumb Code     0  startup_stm32f407xx.o(.text)
    EXTI4_IRQHandler                         0x080001b7   Thumb Code     0  startup_stm32f407xx.o(.text)
    EXTI9_5_IRQHandler                       0x080001b7   Thumb Code     0  startup_stm32f407xx.o(.text)
    FLASH_IRQHandler                         0x080001b7   Thumb Code     0  startup_stm32f407xx.o(.text)
    FMC_IRQHandler                           0x080001b7   Thumb Code     0  startup_stm32f407xx.o(.text)
    FPU_IRQHandler                           0x080001b7   Thumb Code     0  startup_stm32f407xx.o(.text)
    HASH_RNG_IRQHandler                      0x080001b7   Thumb Code     0  startup_stm32f407xx.o(.text)
    I2C1_ER_IRQHandler                       0x080001b7   Thumb Code     0  startup_stm32f407xx.o(.text)
    I2C1_EV_IRQHandler                       0x080001b7   Thumb Code     0  startup_stm32f407xx.o(.text)
    I2C2_ER_IRQHandler                       0x080001b7   Thumb Code     0  startup_stm32f407xx.o(.text)
    I2C2_EV_IRQHandler                       0x080001b7   Thumb Code     0  startup_stm32f407xx.o(.text)
    I2C3_ER_IRQHandler                       0x080001b7   Thumb Code     0  startup_stm32f407xx.o(.text)
    I2C3_EV_IRQHandler                       0x080001b7   Thumb Code     0  startup_stm32f407xx.o(.text)
    OTG_FS_IRQHandler                        0x080001b7   Thumb Code     0  startup_stm32f407xx.o(.text)
    OTG_FS_WKUP_IRQHandler                   0x080001b7   Thumb Code     0  startup_stm32f407xx.o(.text)
    OTG_HS_EP1_IN_IRQHandler                 0x080001b7   Thumb Code     0  startup_stm32f407xx.o(.text)
    OTG_HS_EP1_OUT_IRQHandler                0x080001b7   Thumb Code     0  startup_stm32f407xx.o(.text)
    OTG_HS_IRQHandler                        0x080001b7   Thumb Code     0  startup_stm32f407xx.o(.text)
    OTG_HS_WKUP_IRQHandler                   0x080001b7   Thumb Code     0  startup_stm32f407xx.o(.text)
    PVD_IRQHandler                           0x080001b7   Thumb Code     0  startup_stm32f407xx.o(.text)
    RCC_IRQHandler                           0x080001b7   Thumb Code     0  startup_stm32f407xx.o(.text)
    RTC_Alarm_IRQHandler                     0x080001b7   Thumb Code     0  startup_stm32f407xx.o(.text)
    RTC_WKUP_IRQHandler                      0x080001b7   Thumb Code     0  startup_stm32f407xx.o(.text)
    SDIO_IRQHandler                          0x080001b7   Thumb Code     0  startup_stm32f407xx.o(.text)
    SPI1_IRQHandler                          0x080001b7   Thumb Code     0  startup_stm32f407xx.o(.text)
    SPI2_IRQHandler                          0x080001b7   Thumb Code     0  startup_stm32f407xx.o(.text)
    SPI3_IRQHandler                          0x080001b7   Thumb Code     0  startup_stm32f407xx.o(.text)
    TAMP_STAMP_IRQHandler                    0x080001b7   Thumb Code     0  startup_stm32f407xx.o(.text)
    TIM1_BRK_TIM9_IRQHandler                 0x080001b7   Thumb Code     0  startup_stm32f407xx.o(.text)
    TIM1_CC_IRQHandler                       0x080001b7   Thumb Code     0  startup_stm32f407xx.o(.text)
    TIM1_TRG_COM_TIM11_IRQHandler            0x080001b7   Thumb Code     0  startup_stm32f407xx.o(.text)
    TIM1_UP_TIM10_IRQHandler                 0x080001b7   Thumb Code     0  startup_stm32f407xx.o(.text)
    TIM2_IRQHandler                          0x080001b7   Thumb Code     0  startup_stm32f407xx.o(.text)
    TIM3_IRQHandler                          0x080001b7   Thumb Code     0  startup_stm32f407xx.o(.text)
    TIM4_IRQHandler                          0x080001b7   Thumb Code     0  startup_stm32f407xx.o(.text)
    TIM5_IRQHandler                          0x080001b7   Thumb Code     0  startup_stm32f407xx.o(.text)
    TIM6_DAC_IRQHandler                      0x080001b7   Thumb Code     0  startup_stm32f407xx.o(.text)
    TIM7_IRQHandler                          0x080001b7   Thumb Code     0  startup_stm32f407xx.o(.text)
    TIM8_BRK_TIM12_IRQHandler                0x080001b7   Thumb Code     0  startup_stm32f407xx.o(.text)
    TIM8_CC_IRQHandler                       0x080001b7   Thumb Code     0  startup_stm32f407xx.o(.text)
    TIM8_TRG_COM_TIM14_IRQHandler            0x080001b7   Thumb Code     0  startup_stm32f407xx.o(.text)
    TIM8_UP_TIM13_IRQHandler                 0x080001b7   Thumb Code     0  startup_stm32f407xx.o(.text)
    UART4_IRQHandler                         0x080001b7   Thumb Code     0  startup_stm32f407xx.o(.text)
    UART5_IRQHandler                         0x080001b7   Thumb Code     0  startup_stm32f407xx.o(.text)
    USART1_IRQHandler                        0x080001b7   Thumb Code     0  startup_stm32f407xx.o(.text)
    USART2_IRQHandler                        0x080001b7   Thumb Code     0  startup_stm32f407xx.o(.text)
    USART3_IRQHandler                        0x080001b7   Thumb Code     0  startup_stm32f407xx.o(.text)
    USART6_IRQHandler                        0x080001b7   Thumb Code     0  startup_stm32f407xx.o(.text)
    WWDG_IRQHandler                          0x080001b7   Thumb Code     0  startup_stm32f407xx.o(.text)
    __aeabi_memcpy                           0x080001c1   Thumb Code    36  memcpya.o(.text)
    __aeabi_memcpy4                          0x080001c1   Thumb Code     0  memcpya.o(.text)
    __aeabi_memcpy8                          0x080001c1   Thumb Code     0  memcpya.o(.text)
    __aeabi_memset                           0x080001e5   Thumb Code    14  memseta.o(.text)
    __aeabi_memset4                          0x080001e5   Thumb Code     0  memseta.o(.text)
    __aeabi_memset8                          0x080001e5   Thumb Code     0  memseta.o(.text)
    __aeabi_memclr                           0x080001f3   Thumb Code     4  memseta.o(.text)
    __aeabi_memclr4                          0x080001f3   Thumb Code     0  memseta.o(.text)
    __aeabi_memclr8                          0x080001f3   Thumb Code     0  memseta.o(.text)
    _memset$wrapper                          0x080001f7   Thumb Code    18  memseta.o(.text)
    __aeabi_f2d                              0x08000209   Thumb Code    38  f2d.o(.text)
    __aeabi_uidiv                            0x0800022f   Thumb Code     0  uidiv.o(.text)
    __aeabi_uidivmod                         0x0800022f   Thumb Code    44  uidiv.o(.text)
    __aeabi_uldivmod                         0x0800025b   Thumb Code    98  uldiv.o(.text)
    __I$use$fp                               0x080002bd   Thumb Code     0  iusefp.o(.text)
    __aeabi_dadd                             0x080002bd   Thumb Code   322  dadd.o(.text)
    __aeabi_dsub                             0x080003ff   Thumb Code     6  dadd.o(.text)
    __aeabi_drsub                            0x08000405   Thumb Code     6  dadd.o(.text)
    __aeabi_dmul                             0x0800040b   Thumb Code   228  dmul.o(.text)
    __aeabi_ddiv                             0x080004ef   Thumb Code   222  ddiv.o(.text)
    __aeabi_d2ulz                            0x080005cd   Thumb Code    48  dfixul.o(.text)
    __aeabi_cdrcmple                         0x080005fd   Thumb Code    48  cdrcmple.o(.text)
    __scatterload                            0x0800062d   Thumb Code    28  init.o(.text)
    __scatterload_rt2                        0x0800062d   Thumb Code     0  init.o(.text)
    __aeabi_llsl                             0x08000651   Thumb Code    30  llshl.o(.text)
    __semihosting_library_function           0x08000651   Thumb Code     0  semi.o(.text)
    _ll_shift_l                              0x08000651   Thumb Code     0  llshl.o(.text)
    __aeabi_llsr                             0x0800066f   Thumb Code    32  llushr.o(.text)
    _ll_ushift_r                             0x0800066f   Thumb Code     0  llushr.o(.text)
    __aeabi_lasr                             0x0800068f   Thumb Code    36  llsshr.o(.text)
    _ll_sshift_r                             0x0800068f   Thumb Code     0  llsshr.o(.text)
    __I$use$semihosting$fputc                0x080006b3   Thumb Code     0  iusesemip.o(.text)
    _double_round                            0x080006b3   Thumb Code    30  depilogue.o(.text)
    _double_epilogue                         0x080006d1   Thumb Code   156  depilogue.o(.text)
    Calculate_Checksum                       0x0800076d   Thumb Code    18  main.o(i.Calculate_Checksum)
    Check_I2C_Health                         0x08000781   Thumb Code   136  main.o(i.Check_I2C_Health)
    Display_Add_Digit                        0x08000889   Thumb Code    98  main.o(i.Display_Add_Digit)
    Display_Clear                            0x080008f9   Thumb Code    26  main.o(i.Display_Clear)
    Display_Init                             0x08000919   Thumb Code    26  main.o(i.Display_Init)
    Display_Update                           0x08000939   Thumb Code    50  main.o(i.Display_Update)
    EXTI15_10_IRQHandler                     0x08000979   Thumb Code     8  stm32f4xx_it.o(i.EXTI15_10_IRQHandler)
    Error_Handler                            0x08000981   Thumb Code     2  main.o(i.Error_Handler)
    Get_Key_Number                           0x08000983   Thumb Code    92  state_machine.o(i.Get_Key_Number)
    Get_Microseconds                         0x080009e1   Thumb Code    54  main.o(i.Get_Microseconds)
    HAL_Delay                                0x08000a1d   Thumb Code    22  stm32f4xx_hal.o(i.HAL_Delay)
    HAL_GPIO_DeInit                          0x08000a35   Thumb Code   306  stm32f4xx_hal_gpio.o(i.HAL_GPIO_DeInit)
    HAL_GPIO_EXTI_Callback                   0x08000b95   Thumb Code    14  gpio.o(i.HAL_GPIO_EXTI_Callback)
    HAL_GPIO_EXTI_IRQHandler                 0x08000ba9   Thumb Code    18  stm32f4xx_hal_gpio.o(i.HAL_GPIO_EXTI_IRQHandler)
    HAL_GPIO_Init                            0x08000bc1   Thumb Code   398  stm32f4xx_hal_gpio.o(i.HAL_GPIO_Init)
    HAL_GPIO_WritePin                        0x08000d81   Thumb Code    10  stm32f4xx_hal_gpio.o(i.HAL_GPIO_WritePin)
    HAL_GetTick                              0x08000d8d   Thumb Code     6  stm32f4xx_hal.o(i.HAL_GetTick)
    HAL_I2C_DeInit                           0x08000d99   Thumb Code    46  stm32f4xx_hal_i2c.o(i.HAL_I2C_DeInit)
    HAL_I2C_Init                             0x08000dc9   Thumb Code   246  stm32f4xx_hal_i2c.o(i.HAL_I2C_Init)
    HAL_I2C_Mem_Read                         0x08000ec9   Thumb Code   442  stm32f4xx_hal_i2c.o(i.HAL_I2C_Mem_Read)
    HAL_I2C_Mem_Write                        0x0800108d   Thumb Code   228  stm32f4xx_hal_i2c.o(i.HAL_I2C_Mem_Write)
    HAL_I2C_MspDeInit                        0x08001179   Thumb Code    28  i2c.o(i.HAL_I2C_MspDeInit)
    HAL_I2C_MspInit                          0x080011a1   Thumb Code    62  i2c.o(i.HAL_I2C_MspInit)
    HAL_IWDG_Init                            0x080011ed   Thumb Code    74  stm32f4xx_hal_iwdg.o(i.HAL_IWDG_Init)
    HAL_IWDG_MspInit                         0x08001237   Thumb Code     2  stm32f4xx_hal_iwdg.o(i.HAL_IWDG_MspInit)
    HAL_IWDG_Refresh                         0x08001239   Thumb Code    84  stm32f4xx_hal_iwdg.o(i.HAL_IWDG_Refresh)
    HAL_IWDG_Start                           0x0800128d   Thumb Code    42  stm32f4xx_hal_iwdg.o(i.HAL_IWDG_Start)
    HAL_IncTick                              0x080012b9   Thumb Code    10  stm32f4xx_hal.o(i.HAL_IncTick)
    HAL_Init                                 0x080012c9   Thumb Code    48  stm32f4xx_hal.o(i.HAL_Init)
    HAL_InitTick                             0x080012fd   Thumb Code    34  stm32f4xx_hal.o(i.HAL_InitTick)
    HAL_MspInit                              0x0800131f   Thumb Code    22  stm32f4xx_hal_msp.o(i.HAL_MspInit)
    HAL_NVIC_EnableIRQ                       0x08001335   Thumb Code    22  stm32f4xx_hal_cortex.o(i.HAL_NVIC_EnableIRQ)
    HAL_NVIC_SetPriority                     0x0800134d   Thumb Code    60  stm32f4xx_hal_cortex.o(i.HAL_NVIC_SetPriority)
    HAL_NVIC_SetPriorityGrouping             0x0800138d   Thumb Code    26  stm32f4xx_hal_cortex.o(i.HAL_NVIC_SetPriorityGrouping)
    HAL_PWR_EnableBkUpAccess                 0x080013b1   Thumb Code    20  stm32f4xx_hal_pwr.o(i.HAL_PWR_EnableBkUpAccess)
    HAL_PWR_EnterSLEEPMode                   0x080013c9   Thumb Code    26  stm32f4xx_hal_pwr.o(i.HAL_PWR_EnterSLEEPMode)
    HAL_RCC_ClockConfig                      0x080013e9   Thumb Code   514  stm32f4xx_hal_rcc.o(i.HAL_RCC_ClockConfig)
    HAL_RCC_GetHCLKFreq                      0x080015f5   Thumb Code    38  stm32f4xx_hal_rcc.o(i.HAL_RCC_GetHCLKFreq)
    HAL_RCC_GetPCLK1Freq                     0x08001629   Thumb Code    36  stm32f4xx_hal_rcc.o(i.HAL_RCC_GetPCLK1Freq)
    HAL_RCC_GetSysClockFreq                  0x08001655   Thumb Code   104  stm32f4xx_hal_rcc.o(i.HAL_RCC_GetSysClockFreq)
    HAL_RCC_OscConfig                        0x080016c9   Thumb Code   806  stm32f4xx_hal_rcc.o(i.HAL_RCC_OscConfig)
    HAL_SYSTICK_CLKSourceConfig              0x08001a05   Thumb Code    24  stm32f4xx_hal_cortex.o(i.HAL_SYSTICK_CLKSourceConfig)
    HAL_SYSTICK_Callback                     0x08001a1d   Thumb Code     2  stm32f4xx_hal_cortex.o(i.HAL_SYSTICK_Callback)
    HAL_SYSTICK_Config                       0x08001a1f   Thumb Code    40  stm32f4xx_hal_cortex.o(i.HAL_SYSTICK_Config)
    HAL_SYSTICK_IRQHandler                   0x08001a47   Thumb Code     8  stm32f4xx_hal_cortex.o(i.HAL_SYSTICK_IRQHandler)
    Handle_I2C_Error                         0x08001a51   Thumb Code   100  main.o(i.Handle_I2C_Error)
    I2C_Bus_Reset                            0x08001abd   Thumb Code    74  zlg7290.o(i.I2C_Bus_Reset)
    I2C_Check_Bus_Status                     0x08001b07   Thumb Code    40  zlg7290.o(i.I2C_Check_Bus_Status)
    I2C_Error_Recovery                       0x08001b2f   Thumb Code    42  zlg7290.o(i.I2C_Error_Recovery)
    I2C_Get_ErrorStats                       0x08001b59   Thumb Code     4  zlg7290.o(i.I2C_Get_ErrorStats)
    I2C_Init_ErrorStats                      0x08001b61   Thumb Code     8  zlg7290.o(i.I2C_Init_ErrorStats)
    I2C_Print_ErrorStats                     0x08001b6d   Thumb Code   136  zlg7290.o(i.I2C_Print_ErrorStats)
    I2C_Reset_ErrorStats                     0x08001e71   Thumb Code     4  zlg7290.o(i.I2C_Reset_ErrorStats)
    I2C_ZLG7290_Read_WithRetry               0x08001f89   Thumb Code   156  zlg7290.o(i.I2C_ZLG7290_Read_WithRetry)
    I2C_ZLG7290_Write                        0x0800202d   Thumb Code    12  zlg7290.o(i.I2C_ZLG7290_Write)
    I2C_ZLG7290_WriteOneByte_WithRetry       0x08002039   Thumb Code   156  zlg7290.o(i.I2C_ZLG7290_WriteOneByte_WithRetry)
    I2C_ZLG7290_Write_WithRetry              0x080020dd   Thumb Code    56  zlg7290.o(i.I2C_ZLG7290_Write_WithRetry)
    IWDG_Feed                                0x08002115   Thumb Code    36  iwdg.o(i.IWDG_Feed)
    IWDG_GetLastResetCause                   0x08002141   Thumb Code     6  iwdg.o(i.IWDG_GetLastResetCause)
    IWDG_GetResetCause                       0x0800214d   Thumb Code    72  iwdg.o(i.IWDG_GetResetCause)
    IWDG_Start                               0x08002199   Thumb Code    32  iwdg.o(i.IWDG_Start)
    IWDG_SystemInit                          0x080021c1   Thumb Code    14  main.o(i.IWDG_SystemInit)
    IWDG_SystemTask                          0x080021d1   Thumb Code    28  main.o(i.IWDG_SystemTask)
    IWDG_Task                                0x080021f1   Thumb Code    40  iwdg.o(i.IWDG_Task)
    Init_Backup_SRAM                         0x0800221d   Thumb Code    46  main.o(i.Init_Backup_SRAM)
    MX_GPIO_Init                             0x08002251   Thumb Code   130  gpio.o(i.MX_GPIO_Init)
    MX_I2C1_Init                             0x080022e5   Thumb Code    52  i2c.o(i.MX_I2C1_Init)
    MX_IWDG_Init                             0x08002325   Thumb Code    54  iwdg.o(i.MX_IWDG_Init)
    Play_Note                                0x08002389   Thumb Code   142  main.o(i.Play_Note)
    Process_Key_Input                        0x0800242d   Thumb Code   112  state_machine.o(i.Process_Key_Input)
    Repair_DisplayBuffer                     0x080024ad   Thumb Code    48  data_validator.o(i.Repair_DisplayBuffer)
    Repair_HotStartData                      0x080024e1   Thumb Code    44  data_validator.o(i.Repair_HotStartData)
    Restore_HotStart_State                   0x08002515   Thumb Code   128  main.o(i.Restore_HotStart_State)
    Safe_Get_DisplayPosition                 0x0800259d   Thumb Code    18  data_validator.o(i.Safe_Get_DisplayPosition)
    Safe_Get_KeyValue                        0x080025af   Thumb Code    18  data_validator.o(i.Safe_Get_KeyValue)
    Safe_Get_NoteIndex                       0x080025c1   Thumb Code    18  data_validator.o(i.Safe_Get_NoteIndex)
    Save_HotStart_State                      0x080025d5   Thumb Code    96  main.o(i.Save_HotStart_State)
    StateMachine_GetEvent                    0x08002641   Thumb Code    64  state_machine.o(i.StateMachine_GetEvent)
    StateMachine_Init                        0x08002689   Thumb Code    76  state_machine.o(i.StateMachine_Init)
    StateMachine_Run                         0x080026e1   Thumb Code    94  state_machine.o(i.StateMachine_Run)
    StateMachine_SetHotStartFlag             0x08002745   Thumb Code     6  state_machine.o(i.StateMachine_SetHotStartFlag)
    StateMachine_SetState                    0x08002751   Thumb Code    32  state_machine.o(i.StateMachine_SetState)
    State_AudioPlay_Handler                  0x08002775   Thumb Code    48  state_machine.o(i.State_AudioPlay_Handler)
    State_DisplayUpdate_Handler              0x080027ad   Thumb Code    16  state_machine.o(i.State_DisplayUpdate_Handler)
    State_ErrorHandle_Handler                0x080027bd   Thumb Code    18  state_machine.o(i.State_ErrorHandle_Handler)
    State_Idle_Handler                       0x080027d1   Thumb Code    90  state_machine.o(i.State_Idle_Handler)
    State_KeyDetect_Handler                  0x08002831   Thumb Code    76  state_machine.o(i.State_KeyDetect_Handler)
    State_KeyProcess_Handler                 0x08002889   Thumb Code    48  state_machine.o(i.State_KeyProcess_Handler)
    State_SystemMaintain_Handler             0x080028bd   Thumb Code    16  state_machine.o(i.State_SystemMaintain_Handler)
    Stop_Note                                0x080028cd   Thumb Code    10  main.o(i.Stop_Note)
    SysTick_Handler                          0x080028dd   Thumb Code    14  stm32f4xx_it.o(i.SysTick_Handler)
    SystemClock_Config                       0x080028ed   Thumb Code   130  main.o(i.SystemClock_Config)
    SystemInit                               0x08002979   Thumb Code    66  system_stm32f4xx.o(i.SystemInit)
    Validate_DisplayBuffer                   0x080029cd   Thumb Code    56  data_validator.o(i.Validate_DisplayBuffer)
    Validate_DisplayPosition                 0x08002a09   Thumb Code    12  data_validator.o(i.Validate_DisplayPosition)
    Validate_HotStart_Data                   0x08002a15   Thumb Code    78  data_validator.o(i.Validate_HotStart_Data)
    Validate_KeyValue                        0x08002a69   Thumb Code    16  data_validator.o(i.Validate_KeyValue)
    Validate_NoteIndex                       0x08002a79   Thumb Code    12  data_validator.o(i.Validate_NoteIndex)
    Validate_SystemState                     0x08002a85   Thumb Code    12  data_validator.o(i.Validate_SystemState)
    __0printf                                0x08002a91   Thumb Code    22  printfa.o(i.__0printf)
    __1printf                                0x08002a91   Thumb Code     0  printfa.o(i.__0printf)
    __2printf                                0x08002a91   Thumb Code     0  printfa.o(i.__0printf)
    __c89printf                              0x08002a91   Thumb Code     0  printfa.o(i.__0printf)
    printf                                   0x08002a91   Thumb Code     0  printfa.o(i.__0printf)
    __scatterload_copy                       0x08002ab1   Thumb Code    14  handlers.o(i.__scatterload_copy)
    __scatterload_null                       0x08002abf   Thumb Code     2  handlers.o(i.__scatterload_null)
    __scatterload_zeroinit                   0x08002ac1   Thumb Code    14  handlers.o(i.__scatterload_zeroinit)
    fputc                                    0x08003383   Thumb Code    18  fputc.o(i.fputc)
    main                                     0x08003395   Thumb Code   122  main.o(i.main)
    APBAHBPrescTable                         0x08003418   Data          16  stm32f4xx_hal_rcc.o(.constdata)
    notes                                    0x08003428   Data          18  main.o(.constdata)
    seg7code                                 0x0800343a   Data          10  main.o(.constdata)
    Region$$Table$$Base                      0x08003444   Number         0  anon$$obj.o(Region$$Table)
    Region$$Table$$Limit                     0x08003464   Number         0  anon$$obj.o(Region$$Table)
    SystemCoreClock                          0x20000000   Data           4  system_stm32f4xx.o(.data)
    display_position                         0x20000008   Data           1  main.o(.data)
    current_key                              0x20000009   Data           1  main.o(.data)
    key_pressed                              0x2000000a   Data           1  main.o(.data)
    is_playing                               0x2000000b   Data           1  main.o(.data)
    note_timer                               0x20000010   Data           4  main.o(.data)
    display_buffer                           0x20000024   Data           8  main.o(.data)
    key_flag                                 0x2000002c   Data           1  main.o(.data)
    I2CTimeout                               0x20000030   Data           4  zlg7290.o(.data)
    __stdout                                 0x20000044   Data           4  stdout.o(.data)
    hi2c1                                    0x20000048   Data          60  i2c.o(.bss)
    hiwdg                                    0x200000a4   Data          16  iwdg.o(.bss)
    __initial_sp                             0x200004d0   Data           0  startup_stm32f407xx.o(STACK)



==============================================================================

Memory Map of the image

  Image Entry point : 0x08000189

  Load Region LR_IROM1 (Base: 0x08000000, Size: 0x000034ac, Max: 0x00100000, ABSOLUTE)

    Execution Region ER_IROM1 (Base: 0x08000000, Size: 0x00003464, Max: 0x00100000, ABSOLUTE)

    Base Addr    Size         Type   Attr      Idx    E Section Name        Object

    0x08000000   0x00000188   Data   RO         2135    RESET               startup_stm32f407xx.o
    0x08000188   0x00000000   Code   RO         2140  * .ARM.Collect$$$$00000000  mc_w.l(entry.o)
    0x08000188   0x00000004   Code   RO         2412    .ARM.Collect$$$$00000001  mc_w.l(entry2.o)
    0x0800018c   0x00000004   Code   RO         2415    .ARM.Collect$$$$00000004  mc_w.l(entry5.o)
    0x08000190   0x00000000   Code   RO         2417    .ARM.Collect$$$$00000008  mc_w.l(entry7b.o)
    0x08000190   0x00000000   Code   RO         2419    .ARM.Collect$$$$0000000A  mc_w.l(entry8b.o)
    0x08000190   0x00000008   Code   RO         2420    .ARM.Collect$$$$0000000B  mc_w.l(entry9a.o)
    0x08000198   0x00000000   Code   RO         2422    .ARM.Collect$$$$0000000D  mc_w.l(entry10a.o)
    0x08000198   0x00000000   Code   RO         2424    .ARM.Collect$$$$0000000F  mc_w.l(entry11a.o)
    0x08000198   0x00000004   Code   RO         2413    .ARM.Collect$$$$00002712  mc_w.l(entry2.o)
    0x0800019c   0x00000024   Code   RO         2136    .text               startup_stm32f407xx.o
    0x080001c0   0x00000024   Code   RO         2143    .text               mc_w.l(memcpya.o)
    0x080001e4   0x00000024   Code   RO         2145    .text               mc_w.l(memseta.o)
    0x08000208   0x00000026   Code   RO         2410    .text               mf_w.l(f2d.o)
    0x0800022e   0x0000002c   Code   RO         2429    .text               mc_w.l(uidiv.o)
    0x0800025a   0x00000062   Code   RO         2431    .text               mc_w.l(uldiv.o)
    0x080002bc   0x00000000   Code   RO         2433    .text               mc_w.l(iusefp.o)
    0x080002bc   0x0000014e   Code   RO         2434    .text               mf_w.l(dadd.o)
    0x0800040a   0x000000e4   Code   RO         2436    .text               mf_w.l(dmul.o)
    0x080004ee   0x000000de   Code   RO         2438    .text               mf_w.l(ddiv.o)
    0x080005cc   0x00000030   Code   RO         2440    .text               mf_w.l(dfixul.o)
    0x080005fc   0x00000030   Code   RO         2442    .text               mf_w.l(cdrcmple.o)
    0x0800062c   0x00000024   Code   RO         2444    .text               mc_w.l(init.o)
    0x08000650   0x00000000   Code   RO         2446    .text               mc_w.l(semi.o)
    0x08000650   0x0000001e   Code   RO         2447    .text               mc_w.l(llshl.o)
    0x0800066e   0x00000020   Code   RO         2449    .text               mc_w.l(llushr.o)
    0x0800068e   0x00000024   Code   RO         2451    .text               mc_w.l(llsshr.o)
    0x080006b2   0x00000000   Code   RO         2453    .text               mc_w.l(iusesemip.o)
    0x080006b2   0x000000ba   Code   RO         2454    .text               mf_w.l(depilogue.o)
    0x0800076c   0x00000012   Code   RO         1504    i.Calculate_Checksum  main.o
    0x0800077e   0x00000002   PAD
    0x08000780   0x00000108   Code   RO         1505    i.Check_I2C_Health  main.o
    0x08000888   0x00000070   Code   RO         1506    i.Display_Add_Digit  main.o
    0x080008f8   0x00000020   Code   RO         1507    i.Display_Clear     main.o
    0x08000918   0x00000020   Code   RO         1508    i.Display_Init      main.o
    0x08000938   0x00000040   Code   RO         1509    i.Display_Update    main.o
    0x08000978   0x00000008   Code   RO         1653    i.EXTI15_10_IRQHandler  stm32f4xx_it.o
    0x08000980   0x00000002   Code   RO         1510    i.Error_Handler     main.o
    0x08000982   0x0000005c   Code   RO         1942    i.Get_Key_Number    state_machine.o
    0x080009de   0x00000002   PAD
    0x080009e0   0x0000003c   Code   RO         1511    i.Get_Microseconds  main.o
    0x08000a1c   0x00000016   Code   RO          222    i.HAL_Delay         stm32f4xx_hal.o
    0x08000a32   0x00000002   PAD
    0x08000a34   0x00000160   Code   RO          127    i.HAL_GPIO_DeInit   stm32f4xx_hal_gpio.o
    0x08000b94   0x00000014   Code   RO         1446    i.HAL_GPIO_EXTI_Callback  gpio.o
    0x08000ba8   0x00000018   Code   RO          129    i.HAL_GPIO_EXTI_IRQHandler  stm32f4xx_hal_gpio.o
    0x08000bc0   0x000001c0   Code   RO          130    i.HAL_GPIO_Init     stm32f4xx_hal_gpio.o
    0x08000d80   0x0000000a   Code   RO          134    i.HAL_GPIO_WritePin  stm32f4xx_hal_gpio.o
    0x08000d8a   0x00000002   PAD
    0x08000d8c   0x0000000c   Code   RO          228    i.HAL_GetTick       stm32f4xx_hal.o
    0x08000d98   0x0000002e   Code   RO         1101    i.HAL_I2C_DeInit    stm32f4xx_hal_i2c.o
    0x08000dc6   0x00000002   PAD
    0x08000dc8   0x00000100   Code   RO         1107    i.HAL_I2C_Init      stm32f4xx_hal_i2c.o
    0x08000ec8   0x000001c4   Code   RO         1119    i.HAL_I2C_Mem_Read  stm32f4xx_hal_i2c.o
    0x0800108c   0x000000ec   Code   RO         1122    i.HAL_I2C_Mem_Write  stm32f4xx_hal_i2c.o
    0x08001178   0x00000028   Code   RO         1686    i.HAL_I2C_MspDeInit  i2c.o
    0x080011a0   0x0000004c   Code   RO         1687    i.HAL_I2C_MspInit   i2c.o
    0x080011ec   0x0000004a   Code   RO         1399    i.HAL_IWDG_Init     stm32f4xx_hal_iwdg.o
    0x08001236   0x00000002   Code   RO         1400    i.HAL_IWDG_MspInit  stm32f4xx_hal_iwdg.o
    0x08001238   0x00000054   Code   RO         1401    i.HAL_IWDG_Refresh  stm32f4xx_hal_iwdg.o
    0x0800128c   0x0000002a   Code   RO         1402    i.HAL_IWDG_Start    stm32f4xx_hal_iwdg.o
    0x080012b6   0x00000002   PAD
    0x080012b8   0x00000010   Code   RO          229    i.HAL_IncTick       stm32f4xx_hal.o
    0x080012c8   0x00000034   Code   RO          230    i.HAL_Init          stm32f4xx_hal.o
    0x080012fc   0x00000022   Code   RO          231    i.HAL_InitTick      stm32f4xx_hal.o
    0x0800131e   0x00000016   Code   RO         1480    i.HAL_MspInit       stm32f4xx_hal_msp.o
    0x08001334   0x00000016   Code   RO          364    i.HAL_NVIC_EnableIRQ  stm32f4xx_hal_cortex.o
    0x0800134a   0x00000002   PAD
    0x0800134c   0x00000040   Code   RO          370    i.HAL_NVIC_SetPriority  stm32f4xx_hal_cortex.o
    0x0800138c   0x00000024   Code   RO          371    i.HAL_NVIC_SetPriorityGrouping  stm32f4xx_hal_cortex.o
    0x080013b0   0x00000018   Code   RO          545    i.HAL_PWR_EnableBkUpAccess  stm32f4xx_hal_pwr.o
    0x080013c8   0x00000020   Code   RO          550    i.HAL_PWR_EnterSLEEPMode  stm32f4xx_hal_pwr.o
    0x080013e8   0x0000020c   Code   RO          956    i.HAL_RCC_ClockConfig  stm32f4xx_hal_rcc.o
    0x080015f4   0x00000034   Code   RO          961    i.HAL_RCC_GetHCLKFreq  stm32f4xx_hal_rcc.o
    0x08001628   0x0000002c   Code   RO          963    i.HAL_RCC_GetPCLK1Freq  stm32f4xx_hal_rcc.o
    0x08001654   0x00000074   Code   RO          965    i.HAL_RCC_GetSysClockFreq  stm32f4xx_hal_rcc.o
    0x080016c8   0x0000033c   Code   RO          968    i.HAL_RCC_OscConfig  stm32f4xx_hal_rcc.o
    0x08001a04   0x00000018   Code   RO          373    i.HAL_SYSTICK_CLKSourceConfig  stm32f4xx_hal_cortex.o
    0x08001a1c   0x00000002   Code   RO          374    i.HAL_SYSTICK_Callback  stm32f4xx_hal_cortex.o
    0x08001a1e   0x00000028   Code   RO          375    i.HAL_SYSTICK_Config  stm32f4xx_hal_cortex.o
    0x08001a46   0x00000008   Code   RO          376    i.HAL_SYSTICK_IRQHandler  stm32f4xx_hal_cortex.o
    0x08001a4e   0x00000002   PAD
    0x08001a50   0x0000006c   Code   RO         1512    i.Handle_I2C_Error  main.o
    0x08001abc   0x0000004a   Code   RO         1728    i.I2C_Bus_Reset     zlg7290.o
    0x08001b06   0x00000028   Code   RO         1729    i.I2C_Check_Bus_Status  zlg7290.o
    0x08001b2e   0x0000002a   Code   RO         1730    i.I2C_Error_Recovery  zlg7290.o
    0x08001b58   0x00000008   Code   RO         1731    i.I2C_Get_ErrorStats  zlg7290.o
    0x08001b60   0x0000000c   Code   RO         1732    i.I2C_Init_ErrorStats  zlg7290.o
    0x08001b6c   0x00000194   Code   RO         1733    i.I2C_Print_ErrorStats  zlg7290.o
    0x08001d00   0x000000e0   Code   RO         1146    i.I2C_RequestMemoryRead  stm32f4xx_hal_i2c.o
    0x08001de0   0x00000090   Code   RO         1147    i.I2C_RequestMemoryWrite  stm32f4xx_hal_i2c.o
    0x08001e70   0x00000004   Code   RO         1734    i.I2C_Reset_ErrorStats  zlg7290.o
    0x08001e74   0x0000008a   Code   RO         1148    i.I2C_WaitOnFlagUntilTimeout  stm32f4xx_hal_i2c.o
    0x08001efe   0x00000002   PAD
    0x08001f00   0x00000088   Code   RO         1149    i.I2C_WaitOnMasterAddressFlagUntilTimeout  stm32f4xx_hal_i2c.o
    0x08001f88   0x000000a4   Code   RO         1736    i.I2C_ZLG7290_Read_WithRetry  zlg7290.o
    0x0800202c   0x0000000c   Code   RO         1737    i.I2C_ZLG7290_Write  zlg7290.o
    0x08002038   0x000000a4   Code   RO         1739    i.I2C_ZLG7290_WriteOneByte_WithRetry  zlg7290.o
    0x080020dc   0x00000038   Code   RO         1740    i.I2C_ZLG7290_Write_WithRetry  zlg7290.o
    0x08002114   0x0000002c   Code   RO         1828    i.IWDG_Feed         iwdg.o
    0x08002140   0x0000000c   Code   RO         1831    i.IWDG_GetLastResetCause  iwdg.o
    0x0800214c   0x0000004c   Code   RO         1832    i.IWDG_GetResetCause  iwdg.o
    0x08002198   0x00000028   Code   RO         1838    i.IWDG_Start        iwdg.o
    0x080021c0   0x0000000e   Code   RO         1513    i.IWDG_SystemInit   main.o
    0x080021ce   0x00000002   PAD
    0x080021d0   0x00000020   Code   RO         1514    i.IWDG_SystemTask   main.o
    0x080021f0   0x0000002c   Code   RO         1840    i.IWDG_Task         iwdg.o
    0x0800221c   0x00000034   Code   RO         1515    i.Init_Backup_SRAM  main.o
    0x08002250   0x00000094   Code   RO         1447    i.MX_GPIO_Init      gpio.o
    0x080022e4   0x00000040   Code   RO         1688    i.MX_I2C1_Init      i2c.o
    0x08002324   0x00000044   Code   RO         1841    i.MX_IWDG_Init      iwdg.o
    0x08002368   0x00000020   Code   RO          377    i.NVIC_SetPriority  stm32f4xx_hal_cortex.o
    0x08002388   0x000000a4   Code   RO         1516    i.Play_Note         main.o
    0x0800242c   0x00000080   Code   RO         1943    i.Process_Key_Input  state_machine.o
    0x080024ac   0x00000034   Code   RO         2049    i.Repair_DisplayBuffer  data_validator.o
    0x080024e0   0x00000034   Code   RO         2050    i.Repair_HotStartData  data_validator.o
    0x08002514   0x00000088   Code   RO         1517    i.Restore_HotStart_State  main.o
    0x0800259c   0x00000012   Code   RO         2051    i.Safe_Get_DisplayPosition  data_validator.o
    0x080025ae   0x00000012   Code   RO         2052    i.Safe_Get_KeyValue  data_validator.o
    0x080025c0   0x00000012   Code   RO         2053    i.Safe_Get_NoteIndex  data_validator.o
    0x080025d2   0x00000002   PAD
    0x080025d4   0x0000006c   Code   RO         1518    i.Save_HotStart_State  main.o
    0x08002640   0x00000048   Code   RO         1944    i.StateMachine_GetEvent  state_machine.o
    0x08002688   0x00000058   Code   RO         1945    i.StateMachine_Init  state_machine.o
    0x080026e0   0x00000064   Code   RO         1946    i.StateMachine_Run  state_machine.o
    0x08002744   0x0000000c   Code   RO         1947    i.StateMachine_SetHotStartFlag  state_machine.o
    0x08002750   0x00000024   Code   RO         1948    i.StateMachine_SetState  state_machine.o
    0x08002774   0x00000038   Code   RO         1949    i.State_AudioPlay_Handler  state_machine.o
    0x080027ac   0x00000010   Code   RO         1950    i.State_DisplayUpdate_Handler  state_machine.o
    0x080027bc   0x00000012   Code   RO         1951    i.State_ErrorHandle_Handler  state_machine.o
    0x080027ce   0x00000002   PAD
    0x080027d0   0x00000060   Code   RO         1952    i.State_Idle_Handler  state_machine.o
    0x08002830   0x00000058   Code   RO         1953    i.State_KeyDetect_Handler  state_machine.o
    0x08002888   0x00000034   Code   RO         1954    i.State_KeyProcess_Handler  state_machine.o
    0x080028bc   0x00000010   Code   RO         1955    i.State_SystemMaintain_Handler  state_machine.o
    0x080028cc   0x00000010   Code   RO         1519    i.Stop_Note         main.o
    0x080028dc   0x0000000e   Code   RO         1654    i.SysTick_Handler   stm32f4xx_it.o
    0x080028ea   0x00000002   PAD
    0x080028ec   0x0000008c   Code   RO         1520    i.SystemClock_Config  main.o
    0x08002978   0x00000054   Code   RO            5    i.SystemInit        system_stm32f4xx.o
    0x080029cc   0x0000003c   Code   RO         2054    i.Validate_DisplayBuffer  data_validator.o
    0x08002a08   0x0000000c   Code   RO         2055    i.Validate_DisplayPosition  data_validator.o
    0x08002a14   0x00000054   Code   RO         2056    i.Validate_HotStart_Data  data_validator.o
    0x08002a68   0x00000010   Code   RO         2057    i.Validate_KeyValue  data_validator.o
    0x08002a78   0x0000000c   Code   RO         2058    i.Validate_NoteIndex  data_validator.o
    0x08002a84   0x0000000c   Code   RO         2060    i.Validate_SystemState  data_validator.o
    0x08002a90   0x00000020   Code   RO         2382    i.__0printf         mc_w.l(printfa.o)
    0x08002ab0   0x0000000e   Code   RO         2458    i.__scatterload_copy  mc_w.l(handlers.o)
    0x08002abe   0x00000002   Code   RO         2459    i.__scatterload_null  mc_w.l(handlers.o)
    0x08002ac0   0x0000000e   Code   RO         2460    i.__scatterload_zeroinit  mc_w.l(handlers.o)
    0x08002ace   0x00000002   PAD
    0x08002ad0   0x00000184   Code   RO         2389    i._fp_digits        mc_w.l(printfa.o)
    0x08002c54   0x000006dc   Code   RO         2390    i._printf_core      mc_w.l(printfa.o)
    0x08003330   0x00000024   Code   RO         2391    i._printf_post_padding  mc_w.l(printfa.o)
    0x08003354   0x0000002e   Code   RO         2392    i._printf_pre_padding  mc_w.l(printfa.o)
    0x08003382   0x00000012   Code   RO         2426    i.fputc             mc_w.l(fputc.o)
    0x08003394   0x00000084   Code   RO         1521    i.main              main.o
    0x08003418   0x00000010   Data   RO          969    .constdata          stm32f4xx_hal_rcc.o
    0x08003428   0x0000001c   Data   RO         1522    .constdata          main.o
    0x08003444   0x00000020   Data   RO         2456    Region$$Table       anon$$obj.o


    Execution Region RW_IRAM1 (Base: 0x20000000, Size: 0x000004d0, Max: 0x00020000, ABSOLUTE)

    Base Addr    Size         Type   Attr      Idx    E Section Name        Object

    0x20000000   0x00000004   Data   RW            7    .data               system_stm32f4xx.o
    0x20000004   0x00000004   Data   RW          236    .data               stm32f4xx_hal.o
    0x20000008   0x00000024   Data   RW         1523    .data               main.o
    0x2000002c   0x00000001   Data   RW         1524    .data               main.o
    0x2000002d   0x00000003   PAD
    0x20000030   0x00000004   Data   RW         1742    .data               zlg7290.o
    0x20000034   0x0000000c   Data   RW         1843    .data               iwdg.o
    0x20000040   0x00000001   Data   RW         1957    .data               state_machine.o
    0x20000041   0x00000003   PAD
    0x20000044   0x00000004   Data   RW         2428    .data               mc_w.l(stdout.o)
    0x20000048   0x0000003c   Zero   RW         1689    .bss                i2c.o
    0x20000084   0x00000020   Zero   RW         1741    .bss                zlg7290.o
    0x200000a4   0x00000010   Zero   RW         1842    .bss                iwdg.o
    0x200000b4   0x0000001c   Zero   RW         1956    .bss                state_machine.o
    0x200000d0   0x00000400   Zero   RW         2133    STACK               startup_stm32f407xx.o


==============================================================================

Image component sizes


      Code (inc. data)   RO Data    RW Data    ZI Data      Debug   Object Name

       354         22          0          0          0       7941   data_validator.o
       168         24          0          0          0       1523   gpio.o
       180         38          0          0         60       2133   i2c.o
       284         44          0         12         16       4206   iwdg.o
      1486        260         28         37          0      15305   main.o
        36          8        392          0       1024        928   startup_stm32f407xx.o
       870         90          0          1         28      10672   state_machine.o
       136         16          0          4          0       4194   stm32f4xx_hal.o
       228         14          0          0          0      31749   stm32f4xx_hal_cortex.o
       834        102          0          0          0       4129   stm32f4xx_hal_gpio.o
      1632         38          0          0          0       9315   stm32f4xx_hal_i2c.o
       202          0          0          0          0       3127   stm32f4xx_hal_iwdg.o
        22          0          0          0          0        506   stm32f4xx_hal_msp.o
        56         10          0          0          0       1180   stm32f4xx_hal_pwr.o
      1564         66         16          0          0       5608   stm32f4xx_hal_rcc.o
        22          0          0          0          0        973   stm32f4xx_it.o
        84         18          0          4          0     330089   system_stm32f4xx.o
       980        292          0          4         32       8236   zlg7290.o

    ----------------------------------------------------------------------
      9164       1042        468         68       1160     441814   Object Totals
         0          0         32          0          0          0   (incl. Generated)
        26          0          0          6          0          0   (incl. Padding)

    ----------------------------------------------------------------------

      Code (inc. data)   RO Data    RW Data    ZI Data      Debug   Library Member Name

         0          0          0          0          0          0   entry.o
         0          0          0          0          0          0   entry10a.o
         0          0          0          0          0          0   entry11a.o
         8          4          0          0          0          0   entry2.o
         4          0          0          0          0          0   entry5.o
         0          0          0          0          0          0   entry7b.o
         0          0          0          0          0          0   entry8b.o
         8          4          0          0          0          0   entry9a.o
        18          0          0          0          0         80   fputc.o
        30          0          0          0          0          0   handlers.o
        36          8          0          0          0         68   init.o
         0          0          0          0          0          0   iusefp.o
         0          0          0          0          0          0   iusesemip.o
        30          0          0          0          0         68   llshl.o
        36          0          0          0          0         68   llsshr.o
        32          0          0          0          0         68   llushr.o
        36          0          0          0          0         68   memcpya.o
        36          0          0          0          0        108   memseta.o
      2258         90          0          0          0        452   printfa.o
         0          0          0          0          0          0   semi.o
         0          0          0          4          0          0   stdout.o
        44          0          0          0          0         80   uidiv.o
        98          0          0          0          0         92   uldiv.o
        48          0          0          0          0         68   cdrcmple.o
       334          0          0          0          0        148   dadd.o
       222          0          0          0          0        100   ddiv.o
       186          0          0          0          0        176   depilogue.o
        48          0          0          0          0         68   dfixul.o
       228          0          0          0          0         96   dmul.o
        38          0          0          0          0         68   f2d.o

    ----------------------------------------------------------------------
      3780        106          0          4          0       1876   Library Totals
         2          0          0          0          0          0   (incl. Padding)

    ----------------------------------------------------------------------

      Code (inc. data)   RO Data    RW Data    ZI Data      Debug   Library Name

      2674        106          0          4          0       1152   mc_w.l
      1104          0          0          0          0        724   mf_w.l

    ----------------------------------------------------------------------
      3780        106          0          4          0       1876   Library Totals

    ----------------------------------------------------------------------

==============================================================================


      Code (inc. data)   RO Data    RW Data    ZI Data      Debug   

     12944       1148        468         72       1160     433258   Grand Totals
     12944       1148        468         72       1160     433258   ELF Image Totals
     12944       1148        468         72          0          0   ROM Totals

==============================================================================

    Total RO  Size (Code + RO Data)                13412 (  13.10kB)
    Total RW  Size (RW Data + ZI Data)              1232 (   1.20kB)
    Total ROM Size (Code + RO Data + RW Data)      13484 (  13.17kB)

==============================================================================

